2026-07-13 18:28:03.656454+00:00 [notice] <0.45.0> Application syslog exited with reason: stopped
2026-07-13 18:28:03.659560+00:00 [notice] <0.209.0> Logging: switching to configured handler(s); following messages may not be visible in this log output
[38;5;87m2026-07-13 18:28:03.660046+00:00 [notice] <0.209.0> Logging: configured log handlers are now ACTIVE[0m
2026-07-13 18:28:03.664242+00:00 [info] <0.209.0> ra: starting system coordination[0m
2026-07-13 18:28:03.664318+00:00 [info] <0.209.0> starting Ra system: coordination in directory: /var/lib/rabbitmq/mnesia/rabbit@d3000-rabbit/coordination/rabbit@d3000-rabbit[0m
2026-07-13 18:28:03.668015+00:00 [info] <0.216.0> ra_coordination_log_ets: in system coordination initialising. Mem table opts: [set,{write_concurrency,auto},public,{compressed,false}][0m
2026-07-13 18:28:03.695705+00:00 [info] <0.222.0> ra system 'coordination' running pre init for 0 registered servers[0m
2026-07-13 18:28:03.697839+00:00 [info] <0.223.0> ra: meta data store initialised for system coordination. 0 record(s) recovered[0m
2026-07-13 18:28:03.700524+00:00 [info] <0.227.0> segment_writer: upgrading segment file names to new format in dirctory /var/lib/rabbitmq/mnesia/rabbit@d3000-rabbit/coordination/rabbit@d3000-rabbit[0m
[38;5;87m2026-07-13 18:28:03.710743+00:00 [notice] <0.229.0> WAL in coordination initialising with name ra_coordination_log_wal[0m
2026-07-13 18:28:03.717755+00:00 [info] <0.209.0> ra: starting system quorum_queues[0m
2026-07-13 18:28:03.717806+00:00 [info] <0.209.0> starting Ra system: quorum_queues in directory: /var/lib/rabbitmq/mnesia/rabbit@d3000-rabbit/quorum/rabbit@d3000-rabbit[0m
2026-07-13 18:28:03.718086+00:00 [info] <0.233.0> ra_log_ets: in system quorum_queues initialising. Mem table opts: [set,{write_concurrency,auto},public,{compressed,true}][0m
2026-07-13 18:28:03.718466+00:00 [info] <0.237.0> ra system 'quorum_queues' running pre init for 0 registered servers[0m
2026-07-13 18:28:03.718774+00:00 [info] <0.238.0> ra: meta data store initialised for system quorum_queues. 0 record(s) recovered[0m
2026-07-13 18:28:03.718910+00:00 [info] <0.242.0> segment_writer: upgrading segment file names to new format in dirctory /var/lib/rabbitmq/mnesia/rabbit@d3000-rabbit/quorum/rabbit@d3000-rabbit[0m
[38;5;87m2026-07-13 18:28:03.719766+00:00 [notice] <0.244.0> WAL in quorum_queues initialising with name ra_log_wal[0m
2026-07-13 18:28:03.722918+00:00 [info] <0.246.0> ra_system_recover: ra system 'quorum_queues' server recovery strategy rabbit_quorum_queue:system_recover[0m
2026-07-13 18:28:03.722995+00:00 [info] <0.246.0> [rabbit_quorum_queue:system_recover/1] rabbit not booted, skipping queue recovery[0m
2026-07-13 18:28:03.723108+00:00 [info] <0.209.0> ra: starting system coordination[0m
2026-07-13 18:28:03.723137+00:00 [info] <0.209.0> starting Ra system: coordination in directory: /var/lib/rabbitmq/mnesia/rabbit@d3000-rabbit/coordination/rabbit@d3000-rabbit[0m
[38;5;87m2026-07-13 18:28:03.795462+00:00 [notice] <0.248.0> RabbitMQ metadata store: candidate -> leader in term: 1 machine version: 3, last applied 0[0m
2026-07-13 18:28:03.795907+00:00 [info] <0.209.0> [0m
2026-07-13 18:28:03.795907+00:00 [info] <0.209.0>  Starting RabbitMQ 4.3.1 on Erlang 27.3.4.13 [jit][0m
2026-07-13 18:28:03.795907+00:00 [info] <0.209.0>  Copyright (c) 2007-2026 Broadcom Inc and/or its subsidiaries[0m
2026-07-13 18:28:03.795907+00:00 [info] <0.209.0>  Licensed under the MPL 2.0. Website: https://rabbitmq.com[0m

  ##  ##      RabbitMQ 4.3.1
  ##  ##
  ##########  Copyright (c) 2007-2026 Broadcom Inc and/or its subsidiaries
  ######  ##
  ##########  Licensed under the MPL 2.0. Website: https://rabbitmq.com

  Erlang:      27.3.4.13 [jit]
  TLS Library: OpenSSL - OpenSSL 3.5.7 9 Jun 2026
  Release series support status: see https://www.rabbitmq.com/release-information

  Doc guides:  https://www.rabbitmq.com/docs
  Support:     https://www.rabbitmq.com/docs/contact
  Tutorials:   https://www.rabbitmq.com/tutorials
  Monitoring:  https://www.rabbitmq.com/docs/monitoring
  Upgrading:   https://www.rabbitmq.com/docs/upgrade

  Logs: <stdout>

  Config file(s): /etc/rabbitmq/conf.d/10-defaults.conf

  Starting broker...2026-07-13 18:28:03.796498+00:00 [info] <0.209.0> [0m
2026-07-13 18:28:03.796498+00:00 [info] <0.209.0>  node           : rabbit@d3000-rabbit[0m
2026-07-13 18:28:03.796498+00:00 [info] <0.209.0>  home dir       : /var/lib/rabbitmq[0m
2026-07-13 18:28:03.796498+00:00 [info] <0.209.0>  config file(s) : /etc/rabbitmq/conf.d/10-defaults.conf[0m
2026-07-13 18:28:03.796498+00:00 [info] <0.209.0>  log(s)         : <stdout>[0m
2026-07-13 18:28:03.796498+00:00 [info] <0.209.0>  data dir       : /var/lib/rabbitmq/mnesia/rabbit@d3000-rabbit[0m
[38;5;87m2026-07-13 18:28:04.004534+00:00 [notice] <0.251.0> Feature flags: attempt to enable `detailed_queues_endpoint`...[0m
[38;5;87m2026-07-13 18:28:04.015189+00:00 [notice] <0.251.0> Feature flags: `detailed_queues_endpoint` enabled[0m
[38;5;87m2026-07-13 18:28:04.015271+00:00 [notice] <0.251.0> Feature flags: attempt to enable `khepri_db`...[0m
[38;5;87m2026-07-13 18:28:04.053407+00:00 [notice] <0.251.0> Feature flags: `khepri_db` enabled[0m
[38;5;87m2026-07-13 18:28:04.053498+00:00 [notice] <0.251.0> Feature flags: attempt to enable `message_containers_deaths_v2`...[0m
[38;5;87m2026-07-13 18:28:04.063313+00:00 [notice] <0.251.0> Feature flags: `message_containers_deaths_v2` enabled[0m
[38;5;87m2026-07-13 18:28:04.063381+00:00 [notice] <0.251.0> Feature flags: attempt to enable `quorum_queue_non_voters`...[0m
[38;5;87m2026-07-13 18:28:04.072161+00:00 [notice] <0.251.0> Feature flags: `quorum_queue_non_voters` enabled[0m
[38;5;87m2026-07-13 18:28:04.072229+00:00 [notice] <0.251.0> Feature flags: attempt to enable `rabbit_exchange_type_local_random`...[0m
[38;5;87m2026-07-13 18:28:04.081401+00:00 [notice] <0.251.0> Feature flags: `rabbit_exchange_type_local_random` enabled[0m
[38;5;87m2026-07-13 18:28:04.081468+00:00 [notice] <0.251.0> Feature flags: attempt to enable `rabbitmq_4.0.0`...[0m
[38;5;87m2026-07-13 18:28:04.090480+00:00 [notice] <0.251.0> Feature flags: `rabbitmq_4.0.0` enabled[0m
[38;5;87m2026-07-13 18:28:04.090545+00:00 [notice] <0.251.0> Feature flags: attempt to enable `rabbitmq_4.1.0`...[0m
[38;5;87m2026-07-13 18:28:04.099878+00:00 [notice] <0.251.0> Feature flags: `rabbitmq_4.1.0` enabled[0m
[38;5;87m2026-07-13 18:28:04.099941+00:00 [notice] <0.251.0> Feature flags: attempt to enable `rabbitmq_4.2.0`...[0m
[38;5;87m2026-07-13 18:28:04.111292+00:00 [notice] <0.251.0> Feature flags: `rabbitmq_4.2.0` enabled[0m
2026-07-13 18:28:04.115821+00:00 [info] <0.209.0> Running boot step pre_boot defined by app rabbit[0m
2026-07-13 18:28:04.115920+00:00 [info] <0.209.0> Running boot step rabbit_global_counters defined by app rabbit[0m
2026-07-13 18:28:04.116335+00:00 [info] <0.209.0> Running boot step rabbit_osiris_metrics defined by app rabbit[0m
2026-07-13 18:28:04.116461+00:00 [info] <0.209.0> Running boot step rabbit_core_metrics defined by app rabbit[0m
2026-07-13 18:28:04.116884+00:00 [info] <0.209.0> Running boot step worker_pool defined by app rabbit[0m
2026-07-13 18:28:04.116959+00:00 [info] <0.250.0> Will use 4 processes for default worker pool[0m
2026-07-13 18:28:04.117006+00:00 [info] <0.250.0> Starting worker pool 'worker_pool' with 4 processes in it[0m
2026-07-13 18:28:04.121206+00:00 [info] <0.209.0> Running boot step rabbit_registry defined by app rabbit[0m
2026-07-13 18:28:04.121317+00:00 [info] <0.209.0> Running boot step database defined by app rabbit[0m
2026-07-13 18:28:04.121718+00:00 [info] <0.209.0> Peer discovery: configured backend: rabbit_peer_discovery_classic_config[0m
2026-07-13 18:28:04.121974+00:00 [info] <0.251.0> Feature flags: starting an unclustered node for the first time: all stable feature flags will be enabled by default[0m
[38;5;87m2026-07-13 18:28:04.122360+00:00 [notice] <0.251.0> Feature flags: attempt to enable `rabbitmq_4.3.0`...[0m
[38;5;87m2026-07-13 18:28:04.132502+00:00 [notice] <0.251.0> Feature flags: `rabbitmq_4.3.0` enabled[0m
[38;5;87m2026-07-13 18:28:04.132597+00:00 [notice] <0.251.0> Feature flags: attempt to enable `topic_binding_projection_v4`...[0m
[38;5;87m2026-07-13 18:28:04.278073+00:00 [notice] <0.251.0> Feature flags: `topic_binding_projection_v4` enabled[0m
[38;5;87m2026-07-13 18:28:04.278208+00:00 [notice] <0.251.0> Feature flags: attempt to enable `tie_binding_to_dest_with_keep_while_cond`...[0m
[38;5;87m2026-07-13 18:28:04.307520+00:00 [notice] <0.251.0> Feature flags: `tie_binding_to_dest_with_keep_while_cond` enabled[0m
[38;5;87m2026-07-13 18:28:04.307601+00:00 [notice] <0.251.0> Feature flags: attempt to enable `track_qq_members_uids`...[0m
[38;5;87m2026-07-13 18:28:04.317081+00:00 [notice] <0.251.0> Feature flags: `track_qq_members_uids` enabled[0m
[38;5;87m2026-07-13 18:28:04.317152+00:00 [notice] <0.251.0> Feature flags: attempt to enable `topic_binding_projection_v5`...[0m
[38;5;87m2026-07-13 18:28:04.334931+00:00 [notice] <0.251.0> Feature flags: `topic_binding_projection_v5` enabled[0m
2026-07-13 18:28:04.335238+00:00 [info] <0.209.0> DB: virgin node -> run peer discovery[0m
[38;5;214m2026-07-13 18:28:04.335322+00:00 [warning] <0.209.0> Classic peer discovery backend: list of nodes does not contain the local node [][0m
[38;5;87m2026-07-13 18:28:04.335383+00:00 [notice] <0.209.0> Found the following metadata store members: [{rabbitmq_metadata,[0m
[38;5;87m2026-07-13 18:28:04.335383+00:00 [notice] <0.209.0>                                               'rabbit@d3000-rabbit'}][0m
2026-07-13 18:28:04.359920+00:00 [info] <0.209.0> Running boot step tracking_metadata_store defined by app rabbit[0m
2026-07-13 18:28:04.360090+00:00 [info] <0.353.0> Setting up a table for connection tracking on this node: tracked_connection[0m
2026-07-13 18:28:04.360164+00:00 [info] <0.353.0> Setting up a table for per-vhost connection counting on this node: tracked_connection_per_vhost[0m
2026-07-13 18:28:04.360214+00:00 [info] <0.353.0> Setting up a table for per-user connection counting on this node: tracked_connection_per_user[0m
2026-07-13 18:28:04.360272+00:00 [info] <0.353.0> Setting up a table for channel tracking on this node: tracked_channel[0m
2026-07-13 18:28:04.360316+00:00 [info] <0.353.0> Setting up a table for channel tracking on this node: tracked_channel_per_user[0m
2026-07-13 18:28:04.360365+00:00 [info] <0.209.0> Running boot step networking_metadata_store defined by app rabbit[0m
2026-07-13 18:28:04.360442+00:00 [info] <0.209.0> Running boot step feature_flags defined by app rabbit[0m
2026-07-13 18:28:04.360569+00:00 [info] <0.209.0> Running boot step rabbit_alarm defined by app rabbit[0m
2026-07-13 18:28:04.368167+00:00 [info] <0.358.0> Memory high watermark set to 19065 MiB (19991376691 bytes) of 31775 MiB (33318961152 bytes) total[0m
2026-07-13 18:28:04.370211+00:00 [info] <0.360.0> Enabling free disk space monitoring (disk free space: 774578360320, total memory: 33318961152)[0m
2026-07-13 18:28:04.370282+00:00 [info] <0.360.0> Disk free limit set to 50MB[0m
2026-07-13 18:28:04.371317+00:00 [info] <0.209.0> Running boot step auth_backend_plugins_check defined by app rabbit[0m
2026-07-13 18:28:04.371395+00:00 [info] <0.209.0> Running boot step codec_correctness_check defined by app rabbit[0m
2026-07-13 18:28:04.371427+00:00 [info] <0.209.0> Running boot step external_infrastructure defined by app rabbit[0m
2026-07-13 18:28:04.371451+00:00 [info] <0.209.0> Running boot step rabbit_event defined by app rabbit[0m
2026-07-13 18:28:04.371536+00:00 [info] <0.209.0> Running boot step rabbit_auth_mechanism_amqplain defined by app rabbit[0m
2026-07-13 18:28:04.371596+00:00 [info] <0.209.0> Running boot step rabbit_auth_mechanism_anonymous defined by app rabbit[0m
2026-07-13 18:28:04.371639+00:00 [info] <0.209.0> Running boot step rabbit_auth_mechanism_cr_demo defined by app rabbit[0m
2026-07-13 18:28:04.371688+00:00 [info] <0.209.0> Running boot step rabbit_auth_mechanism_plain defined by app rabbit[0m
2026-07-13 18:28:04.371746+00:00 [info] <0.209.0> Running boot step rabbit_exchange_type_direct defined by app rabbit[0m
2026-07-13 18:28:04.371829+00:00 [info] <0.209.0> Running boot step rabbit_exchange_type_fanout defined by app rabbit[0m
2026-07-13 18:28:04.371901+00:00 [info] <0.209.0> Running boot step rabbit_exchange_type_headers defined by app rabbit[0m
2026-07-13 18:28:04.371946+00:00 [info] <0.209.0> Running boot step rabbit_exchange_type_local_random defined by app rabbit[0m
2026-07-13 18:28:04.372007+00:00 [info] <0.209.0> Running boot step rabbit_exchange_type_modulus_hash defined by app rabbit[0m
2026-07-13 18:28:04.372068+00:00 [info] <0.209.0> Running boot step rabbit_exchange_type_topic defined by app rabbit[0m
2026-07-13 18:28:04.372116+00:00 [info] <0.209.0> Running boot step rabbit_priority_queue defined by app rabbit[0m
2026-07-13 18:28:04.372173+00:00 [info] <0.209.0> Priority queues enabled, real BQ is rabbit_variable_queue[0m
2026-07-13 18:28:04.372232+00:00 [info] <0.209.0> Running boot step kernel_ready defined by app rabbit[0m
2026-07-13 18:28:04.372277+00:00 [info] <0.209.0> Running boot step pg_local_amqp_connection defined by app rabbit[0m
2026-07-13 18:28:04.376332+00:00 [info] <0.209.0> Running boot step pg_local_amqp_session defined by app rabbit[0m
2026-07-13 18:28:04.376433+00:00 [info] <0.209.0> Running boot step rabbit_sysmon_minder defined by app rabbit[0m
2026-07-13 18:28:04.376571+00:00 [info] <0.209.0> Running boot step rabbit_epmd_monitor defined by app rabbit[0m
2026-07-13 18:28:04.377726+00:00 [info] <0.368.0> epmd monitor knows us, inter-node communication (distribution) port: 25672[0m
2026-07-13 18:28:04.377819+00:00 [info] <0.209.0> Running boot step guid_generator defined by app rabbit[0m
2026-07-13 18:28:04.378978+00:00 [info] <0.209.0> Running boot step rabbit_node_monitor defined by app rabbit[0m
2026-07-13 18:28:04.379063+00:00 [info] <0.372.0> Starting rabbit_node_monitor[0m
2026-07-13 18:28:04.379141+00:00 [info] <0.209.0> Running boot step delegate_sup defined by app rabbit[0m
2026-07-13 18:28:04.379519+00:00 [info] <0.209.0> Running boot step rabbit_chaos defined by app rabbit[0m
2026-07-13 18:28:04.379603+00:00 [info] <0.209.0> Running boot step rabbit_fifo_dlx_sup defined by app rabbit[0m
2026-07-13 18:28:04.379671+00:00 [info] <0.209.0> Running boot step core_initialized defined by app rabbit[0m
2026-07-13 18:28:04.379712+00:00 [info] <0.209.0> Running boot step rabbit_channel_tracking_handler defined by app rabbit[0m
2026-07-13 18:28:04.379767+00:00 [info] <0.209.0> Running boot step rabbit_classic_queue_type defined by app rabbit[0m
2026-07-13 18:28:04.379850+00:00 [info] <0.209.0> Running boot step rabbit_classic_queue defined by app rabbit[0m
2026-07-13 18:28:04.379950+00:00 [info] <0.209.0> Running boot step rabbit_connection_tracking_handler defined by app rabbit[0m
2026-07-13 18:28:04.379996+00:00 [info] <0.209.0> Running boot step rabbit_definitions_hashing defined by app rabbit[0m
2026-07-13 18:28:04.380039+00:00 [info] <0.209.0> Running boot step rabbit_exchange_parameters defined by app rabbit[0m
2026-07-13 18:28:04.381152+00:00 [info] <0.209.0> Running boot step rabbit_policies defined by app rabbit[0m
2026-07-13 18:28:04.381505+00:00 [info] <0.209.0> Running boot step rabbit_quorum_queue_type defined by app rabbit[0m
2026-07-13 18:28:04.381587+00:00 [info] <0.209.0> Running boot step rabbit_stream_queue defined by app rabbit[0m
2026-07-13 18:28:04.381647+00:00 [info] <0.209.0> Running boot step rabbit_policy defined by app rabbit[0m
2026-07-13 18:28:04.381695+00:00 [info] <0.209.0> Running boot step rabbit_quorum_event_subscriber defined by app rabbit[0m
2026-07-13 18:28:04.381763+00:00 [info] <0.209.0> Running boot step rabbit_quorum_queue defined by app rabbit[0m
2026-07-13 18:28:04.382087+00:00 [info] <0.209.0> Running boot step quorum_memory_alarm_handler defined by app rabbit[0m
2026-07-13 18:28:04.382143+00:00 [info] <0.209.0> Running boot step rabbit_stream_coordinator defined by app rabbit[0m
2026-07-13 18:28:04.382264+00:00 [info] <0.209.0> Running boot step rabbit_vhost_limit defined by app rabbit[0m
2026-07-13 18:28:04.382318+00:00 [info] <0.209.0> Running boot step rabbit_mgmt_reset_handler defined by app rabbitmq_management[0m
2026-07-13 18:28:04.382357+00:00 [info] <0.209.0> Running boot step rabbit_mgmt_db_handler defined by app rabbitmq_management_agent[0m
2026-07-13 18:28:04.382402+00:00 [info] <0.209.0> Management plugin: using rates mode 'basic'[0m
2026-07-13 18:28:04.382533+00:00 [info] <0.209.0> Running boot step recovery defined by app rabbit[0m
2026-07-13 18:28:04.382608+00:00 [info] <0.209.0> Running boot step prevent_startup_if_node_was_reset defined by app rabbit[0m
2026-07-13 18:28:04.382641+00:00 [info] <0.209.0> Running boot step empty_db_check defined by app rabbit[0m
2026-07-13 18:28:04.382707+00:00 [info] <0.209.0> Will seed default virtual host and user...[0m
2026-07-13 18:28:04.382826+00:00 [info] <0.209.0> Adding vhost '/' (description: 'Default virtual host', tags: [])[0m
2026-07-13 18:28:04.396425+00:00 [info] <0.401.0> Making sure data directory '/var/lib/rabbitmq/mnesia/rabbit@d3000-rabbit/msg_stores/vhosts/628WB79CIFDYO9LJI6DKMI09L' for vhost '/' exists[0m
2026-07-13 18:28:04.396898+00:00 [info] <0.401.0> Setting segment_entry_count for vhost '/' with 0 queues to '2048'[0m
2026-07-13 18:28:04.406345+00:00 [info] <0.401.0> Starting message stores for vhost '/'[0m
2026-07-13 18:28:04.407281+00:00 [info] <0.401.0> Started message store of type transient for vhost '/'[0m
[38;5;214m2026-07-13 18:28:04.425464+00:00 [warning] <0.414.0> Message store "628WB79CIFDYO9LJI6DKMI09L/msg_store_persistent": rebuilding indices from scratch[0m
2026-07-13 18:28:04.426105+00:00 [info] <0.401.0> Started message store of type persistent for vhost '/'[0m
2026-07-13 18:28:04.426214+00:00 [info] <0.401.0> Recovering 0 queues of type rabbit_classic_queue took 25ms[0m
2026-07-13 18:28:04.426269+00:00 [info] <0.401.0> Recovering 0 queues of type rabbit_quorum_queue took 0ms[0m
2026-07-13 18:28:04.426307+00:00 [info] <0.401.0> Recovering 0 queues of type rabbit_stream_queue took 0ms[0m
2026-07-13 18:28:04.427391+00:00 [info] <0.209.0> Created user 'pkvmbench'[0m
2026-07-13 18:28:04.445054+00:00 [info] <0.209.0> Successfully set user tags for user 'pkvmbench' to [administrator][0m
2026-07-13 18:28:04.453541+00:00 [info] <0.209.0> Successfully set permissions for user 'pkvmbench' in virtual host '/' to '.*', '.*', '.*'[0m
2026-07-13 18:28:04.453619+00:00 [info] <0.209.0> Running boot step rabbit_observer_cli defined by app rabbit[0m
2026-07-13 18:28:04.453668+00:00 [info] <0.209.0> Running boot step rabbit_core_metrics_gc defined by app rabbit[0m
2026-07-13 18:28:04.453791+00:00 [info] <0.209.0> Running boot step background_gc defined by app rabbit[0m
2026-07-13 18:28:04.453908+00:00 [info] <0.209.0> Running boot step rabbit_observer_cli_classic_queues defined by app rabbit[0m
2026-07-13 18:28:04.453959+00:00 [info] <0.209.0> Running boot step rabbit_observer_cli_quorum_queues defined by app rabbit[0m
2026-07-13 18:28:04.454008+00:00 [info] <0.209.0> Running boot step routing_ready defined by app rabbit[0m
2026-07-13 18:28:04.454036+00:00 [info] <0.209.0> Running boot step pre_flight defined by app rabbit[0m
2026-07-13 18:28:04.454059+00:00 [info] <0.209.0> Running boot step notify_cluster defined by app rabbit[0m
2026-07-13 18:28:04.454083+00:00 [info] <0.209.0> Running boot step networking defined by app rabbit[0m
2026-07-13 18:28:04.454108+00:00 [info] <0.209.0> Running boot step rabbit_quorum_queue_periodic_membership_reconciliation defined by app rabbit[0m
2026-07-13 18:28:04.454190+00:00 [info] <0.209.0> Running boot step definition_import_worker_pool defined by app rabbit[0m
2026-07-13 18:28:04.454230+00:00 [info] <0.250.0> Starting worker pool 'definition_import_pool' with 4 processes in it[0m
2026-07-13 18:28:04.454444+00:00 [info] <0.209.0> Running boot step cluster_name defined by app rabbit[0m
2026-07-13 18:28:04.454511+00:00 [info] <0.209.0> Initialising internal cluster ID to 'rabbitmq-cluster-id-dHnY8FwsBFR5LZQL2iRTVA'[0m
2026-07-13 18:28:04.455787+00:00 [info] <0.209.0> Running boot step virtual_host_reconciliation defined by app rabbit[0m
2026-07-13 18:28:04.455900+00:00 [info] <0.209.0> Running boot step direct_client defined by app rabbit[0m
2026-07-13 18:28:04.455955+00:00 [info] <0.209.0> Running boot step logger_exchange defined by app rabbit[0m
2026-07-13 18:28:04.457149+00:00 [info] <0.209.0> Running boot step cluster_tags defined by app rabbit[0m
2026-07-13 18:28:04.458359+00:00 [info] <0.209.0> Running boot step queue_type_registrations defined by app rabbit[0m
2026-07-13 18:28:04.458398+00:00 [info] <0.209.0> Running boot step rabbit_management_load_definitions defined by app rabbitmq_management[0m
2026-07-13 18:28:04.458471+00:00 [info] <0.446.0> Resetting node maintenance status[0m
[38;5;214m2026-07-13 18:28:04.595588+00:00 [warning] <0.470.0> Deprecated features: `management_metrics_collection`: Feature `management_metrics_collection` is deprecated.[0m
[38;5;214m2026-07-13 18:28:04.595588+00:00 [warning] <0.470.0> By default, this feature can still be used for now.[0m
[38;5;214m2026-07-13 18:28:04.595588+00:00 [warning] <0.470.0> Its use will not be permitted by default in a future minor RabbitMQ version and the feature will be removed from a future major RabbitMQ version; actual versions to be determined.[0m
[38;5;214m2026-07-13 18:28:04.595588+00:00 [warning] <0.470.0> To continue using this feature when it is not permitted by default, set the following parameter in your configuration:[0m
[38;5;214m2026-07-13 18:28:04.595588+00:00 [warning] <0.470.0>     "deprecated_features.permit.management_metrics_collection = true"[0m
[38;5;214m2026-07-13 18:28:04.595588+00:00 [warning] <0.470.0> To test RabbitMQ as if the feature was removed, set this in your configuration:[0m
[38;5;214m2026-07-13 18:28:04.595588+00:00 [warning] <0.470.0>     "deprecated_features.permit.management_metrics_collection = false"[0m
2026-07-13 18:28:04.621629+00:00 [info] <0.506.0> Management plugin: HTTP (non-TLS) listener started on port 15672[0m
2026-07-13 18:28:04.621822+00:00 [info] <0.534.0> Statistics database started.[0m
2026-07-13 18:28:04.621898+00:00 [info] <0.533.0> Starting worker pool 'management_worker_pool' with 3 processes in it[0m
2026-07-13 18:28:04.634490+00:00 [info] <0.545.0> Prometheus metrics: HTTP (non-TLS) listener started on port 15692[0m
2026-07-13 18:28:04.634615+00:00 [info] <0.446.0> Ready to start client connection listeners[0m
2026-07-13 18:28:04.636171+00:00 [info] <0.589.0> started TCP listener on [::]:5672[0m
 completed with 4 plugins.
2026-07-13 18:28:04.682821+00:00 [info] <0.446.0> Server startup complete; 4 plugins started.[0m
2026-07-13 18:28:04.682821+00:00 [info] <0.446.0>  * rabbitmq_prometheus[0m
2026-07-13 18:28:04.682821+00:00 [info] <0.446.0>  * rabbitmq_management[0m
2026-07-13 18:28:04.682821+00:00 [info] <0.446.0>  * rabbitmq_management_agent[0m
2026-07-13 18:28:04.682821+00:00 [info] <0.446.0>  * rabbitmq_web_dispatch[0m
2026-07-13 18:28:04.863914+00:00 [info] <0.10.0> Time to start RabbitMQ: 2515 ms[0m
2026-07-13 18:28:05.815159+00:00 [info] <0.606.0> accepting AMQP connection 127.0.0.1:48086 -> 127.0.0.1:5672[0m
2026-07-13 18:28:05.841756+00:00 [info] <0.606.0> connection 127.0.0.1:48086 -> 127.0.0.1:5672 has a client-provided name: perf-test-configuration-0[0m
2026-07-13 18:28:05.846276+00:00 [info] <0.606.0> connection 127.0.0.1:48086 -> 127.0.0.1:5672 - perf-test-configuration-0: user 'pkvmbench' authenticated and granted access to vhost '/'[0m
2026-07-13 18:28:05.851628+00:00 [info] <0.615.0> accepting AMQP connection 127.0.0.1:48090 -> 127.0.0.1:5672[0m
2026-07-13 18:28:05.852915+00:00 [info] <0.615.0> connection 127.0.0.1:48090 -> 127.0.0.1:5672 has a client-provided name: perf-test-consumer-0[0m
2026-07-13 18:28:05.853711+00:00 [info] <0.615.0> connection 127.0.0.1:48090 -> 127.0.0.1:5672 - perf-test-consumer-0: user 'pkvmbench' authenticated and granted access to vhost '/'[0m
2026-07-13 18:28:05.891990+00:00 [info] <0.640.0> accepting AMQP connection 127.0.0.1:48104 -> 127.0.0.1:5672[0m
2026-07-13 18:28:05.893449+00:00 [info] <0.640.0> connection 127.0.0.1:48104 -> 127.0.0.1:5672 has a client-provided name: perf-test-producer-0[0m
2026-07-13 18:28:05.893961+00:00 [info] <0.640.0> connection 127.0.0.1:48104 -> 127.0.0.1:5672 - perf-test-producer-0: user 'pkvmbench' authenticated and granted access to vhost '/'[0m
2026-07-13 18:29:05.910244+00:00 [info] <0.606.0> closing AMQP connection (127.0.0.1:48086 -> 127.0.0.1:5672 - perf-test-configuration-0, vhost: '/', user: 'pkvmbench', duration: '1M, 0s')[0m
2026-07-13 18:29:05.912336+00:00 [info] <0.640.0> closing AMQP connection (127.0.0.1:48104 -> 127.0.0.1:5672 - perf-test-producer-0, vhost: '/', user: 'pkvmbench', duration: '1M, 0s')[0m
2026-07-13 18:29:05.914192+00:00 [info] <0.615.0> closing AMQP connection (127.0.0.1:48090 -> 127.0.0.1:5672 - perf-test-consumer-0, vhost: '/', user: 'pkvmbench', duration: '1M, 0s')[0m
