2026-07-13 11:34:45.654224+00:00 [notice] <0.45.0> Application syslog exited with reason: stopped
2026-07-13 11:34:45.657306+00:00 [notice] <0.209.0> Logging: switching to configured handler(s); following messages may not be visible in this log output
[38;5;87m2026-07-13 11:34:45.657722+00:00 [notice] <0.209.0> Logging: configured log handlers are now ACTIVE[0m
2026-07-13 11:34:45.661790+00:00 [info] <0.209.0> ra: starting system coordination[0m
2026-07-13 11:34:45.661863+00:00 [info] <0.209.0> starting Ra system: coordination in directory: /var/lib/rabbitmq/mnesia/rabbit@d3000-rabbit/coordination/rabbit@d3000-rabbit[0m
2026-07-13 11:34:45.665416+00:00 [info] <0.216.0> ra_coordination_log_ets: in system coordination initialising. Mem table opts: [set,{write_concurrency,auto},public,{compressed,false}][0m
2026-07-13 11:34:45.692895+00:00 [info] <0.222.0> ra system 'coordination' running pre init for 0 registered servers[0m
2026-07-13 11:34:45.695092+00:00 [info] <0.223.0> ra: meta data store initialised for system coordination. 0 record(s) recovered[0m
2026-07-13 11:34:45.697772+00:00 [info] <0.227.0> segment_writer: upgrading segment file names to new format in dirctory /var/lib/rabbitmq/mnesia/rabbit@d3000-rabbit/coordination/rabbit@d3000-rabbit[0m
[38;5;87m2026-07-13 11:34:45.707820+00:00 [notice] <0.229.0> WAL in coordination initialising with name ra_coordination_log_wal[0m
2026-07-13 11:34:45.714888+00:00 [info] <0.209.0> ra: starting system quorum_queues[0m
2026-07-13 11:34:45.714939+00:00 [info] <0.209.0> starting Ra system: quorum_queues in directory: /var/lib/rabbitmq/mnesia/rabbit@d3000-rabbit/quorum/rabbit@d3000-rabbit[0m
2026-07-13 11:34:45.715183+00:00 [info] <0.233.0> ra_log_ets: in system quorum_queues initialising. Mem table opts: [set,{write_concurrency,auto},public,{compressed,true}][0m
2026-07-13 11:34:45.715571+00:00 [info] <0.237.0> ra system 'quorum_queues' running pre init for 0 registered servers[0m
2026-07-13 11:34:45.715860+00:00 [info] <0.238.0> ra: meta data store initialised for system quorum_queues. 0 record(s) recovered[0m
2026-07-13 11:34:45.715989+00:00 [info] <0.242.0> segment_writer: upgrading segment file names to new format in dirctory /var/lib/rabbitmq/mnesia/rabbit@d3000-rabbit/quorum/rabbit@d3000-rabbit[0m
[38;5;87m2026-07-13 11:34:45.717019+00:00 [notice] <0.244.0> WAL in quorum_queues initialising with name ra_log_wal[0m
2026-07-13 11:34:45.720205+00:00 [info] <0.246.0> ra_system_recover: ra system 'quorum_queues' server recovery strategy rabbit_quorum_queue:system_recover[0m
2026-07-13 11:34:45.720285+00:00 [info] <0.246.0> [rabbit_quorum_queue:system_recover/1] rabbit not booted, skipping queue recovery[0m
2026-07-13 11:34:45.720382+00:00 [info] <0.209.0> ra: starting system coordination[0m
2026-07-13 11:34:45.720419+00:00 [info] <0.209.0> starting Ra system: coordination in directory: /var/lib/rabbitmq/mnesia/rabbit@d3000-rabbit/coordination/rabbit@d3000-rabbit[0m
[38;5;87m2026-07-13 11:34:45.791626+00:00 [notice] <0.248.0> RabbitMQ metadata store: candidate -> leader in term: 1 machine version: 3, last applied 0[0m
2026-07-13 11:34:45.792031+00:00 [info] <0.209.0> [0m
2026-07-13 11:34:45.792031+00:00 [info] <0.209.0>  Starting RabbitMQ 4.3.1 on Erlang 27.3.4.13 [jit][0m
2026-07-13 11:34:45.792031+00:00 [info] <0.209.0>  Copyright (c) 2007-2026 Broadcom Inc and/or its subsidiaries[0m
2026-07-13 11:34:45.792031+00:00 [info] <0.209.0>  Licensed under the MPL 2.0. Website: https://rabbitmq.com[0m

  ##  ##      RabbitMQ 4.3.1
  ##  ##
  ##########  Copyright (c) 2007-2026 Broadcom Inc and/or its subsidiaries
  ######  ##
  ##########  Licensed under the MPL 2.0. Website: https://rabbitmq.com

  Erlang:      27.3.4.13 [jit]
  TLS Library: OpenSSL - OpenSSL 3.5.7 9 Jun 2026
  Release series support status: see https://www.rabbitmq.com/release-information

  Doc guides:  https://www.rabbitmq.com/docs
  Support:     https://www.rabbitmq.com/docs/contact
  Tutorials:   https://www.rabbitmq.com/tutorials
  Monitoring:  https://www.rabbitmq.com/docs/monitoring
  Upgrading:   https://www.rabbitmq.com/docs/upgrade

  Logs: <stdout>

  Config file(s): /etc/rabbitmq/conf.d/10-defaults.conf

  Starting broker...2026-07-13 11:34:45.792616+00:00 [info] <0.209.0> [0m
2026-07-13 11:34:45.792616+00:00 [info] <0.209.0>  node           : rabbit@d3000-rabbit[0m
2026-07-13 11:34:45.792616+00:00 [info] <0.209.0>  home dir       : /var/lib/rabbitmq[0m
2026-07-13 11:34:45.792616+00:00 [info] <0.209.0>  config file(s) : /etc/rabbitmq/conf.d/10-defaults.conf[0m
2026-07-13 11:34:45.792616+00:00 [info] <0.209.0>  log(s)         : <stdout>[0m
2026-07-13 11:34:45.792616+00:00 [info] <0.209.0>  data dir       : /var/lib/rabbitmq/mnesia/rabbit@d3000-rabbit[0m
[38;5;87m2026-07-13 11:34:45.982606+00:00 [notice] <0.251.0> Feature flags: attempt to enable `detailed_queues_endpoint`...[0m
[38;5;87m2026-07-13 11:34:45.990233+00:00 [notice] <0.251.0> Feature flags: `detailed_queues_endpoint` enabled[0m
[38;5;87m2026-07-13 11:34:45.990317+00:00 [notice] <0.251.0> Feature flags: attempt to enable `khepri_db`...[0m
[38;5;87m2026-07-13 11:34:46.022390+00:00 [notice] <0.251.0> Feature flags: `khepri_db` enabled[0m
[38;5;87m2026-07-13 11:34:46.022476+00:00 [notice] <0.251.0> Feature flags: attempt to enable `message_containers_deaths_v2`...[0m
[38;5;87m2026-07-13 11:34:46.031913+00:00 [notice] <0.251.0> Feature flags: `message_containers_deaths_v2` enabled[0m
[38;5;87m2026-07-13 11:34:46.031977+00:00 [notice] <0.251.0> Feature flags: attempt to enable `quorum_queue_non_voters`...[0m
[38;5;87m2026-07-13 11:34:46.040110+00:00 [notice] <0.251.0> Feature flags: `quorum_queue_non_voters` enabled[0m
[38;5;87m2026-07-13 11:34:46.040176+00:00 [notice] <0.251.0> Feature flags: attempt to enable `rabbit_exchange_type_local_random`...[0m
[38;5;87m2026-07-13 11:34:46.048469+00:00 [notice] <0.251.0> Feature flags: `rabbit_exchange_type_local_random` enabled[0m
[38;5;87m2026-07-13 11:34:46.048563+00:00 [notice] <0.251.0> Feature flags: attempt to enable `rabbitmq_4.0.0`...[0m
[38;5;87m2026-07-13 11:34:46.058776+00:00 [notice] <0.251.0> Feature flags: `rabbitmq_4.0.0` enabled[0m
[38;5;87m2026-07-13 11:34:46.058880+00:00 [notice] <0.251.0> Feature flags: attempt to enable `rabbitmq_4.1.0`...[0m
[38;5;87m2026-07-13 11:34:46.067721+00:00 [notice] <0.251.0> Feature flags: `rabbitmq_4.1.0` enabled[0m
[38;5;87m2026-07-13 11:34:46.067812+00:00 [notice] <0.251.0> Feature flags: attempt to enable `rabbitmq_4.2.0`...[0m
[38;5;87m2026-07-13 11:34:46.078003+00:00 [notice] <0.251.0> Feature flags: `rabbitmq_4.2.0` enabled[0m
2026-07-13 11:34:46.082075+00:00 [info] <0.209.0> Running boot step pre_boot defined by app rabbit[0m
2026-07-13 11:34:46.082148+00:00 [info] <0.209.0> Running boot step rabbit_global_counters defined by app rabbit[0m
2026-07-13 11:34:46.082495+00:00 [info] <0.209.0> Running boot step rabbit_osiris_metrics defined by app rabbit[0m
2026-07-13 11:34:46.082630+00:00 [info] <0.209.0> Running boot step rabbit_core_metrics defined by app rabbit[0m
2026-07-13 11:34:46.083042+00:00 [info] <0.209.0> Running boot step worker_pool defined by app rabbit[0m
2026-07-13 11:34:46.083104+00:00 [info] <0.250.0> Will use 4 processes for default worker pool[0m
2026-07-13 11:34:46.083158+00:00 [info] <0.250.0> Starting worker pool 'worker_pool' with 4 processes in it[0m
2026-07-13 11:34:46.086919+00:00 [info] <0.209.0> Running boot step rabbit_registry defined by app rabbit[0m
2026-07-13 11:34:46.086990+00:00 [info] <0.209.0> Running boot step database defined by app rabbit[0m
2026-07-13 11:34:46.087231+00:00 [info] <0.209.0> Peer discovery: configured backend: rabbit_peer_discovery_classic_config[0m
2026-07-13 11:34:46.087461+00:00 [info] <0.251.0> Feature flags: starting an unclustered node for the first time: all stable feature flags will be enabled by default[0m
[38;5;87m2026-07-13 11:34:46.087863+00:00 [notice] <0.251.0> Feature flags: attempt to enable `rabbitmq_4.3.0`...[0m
[38;5;87m2026-07-13 11:34:46.096119+00:00 [notice] <0.251.0> Feature flags: `rabbitmq_4.3.0` enabled[0m
[38;5;87m2026-07-13 11:34:46.096184+00:00 [notice] <0.251.0> Feature flags: attempt to enable `topic_binding_projection_v4`...[0m
[38;5;87m2026-07-13 11:34:46.237375+00:00 [notice] <0.251.0> Feature flags: `topic_binding_projection_v4` enabled[0m
[38;5;87m2026-07-13 11:34:46.237514+00:00 [notice] <0.251.0> Feature flags: attempt to enable `tie_binding_to_dest_with_keep_while_cond`...[0m
[38;5;87m2026-07-13 11:34:46.265419+00:00 [notice] <0.251.0> Feature flags: `tie_binding_to_dest_with_keep_while_cond` enabled[0m
[38;5;87m2026-07-13 11:34:46.265515+00:00 [notice] <0.251.0> Feature flags: attempt to enable `track_qq_members_uids`...[0m
[38;5;87m2026-07-13 11:34:46.274500+00:00 [notice] <0.251.0> Feature flags: `track_qq_members_uids` enabled[0m
[38;5;87m2026-07-13 11:34:46.274569+00:00 [notice] <0.251.0> Feature flags: attempt to enable `topic_binding_projection_v5`...[0m
[38;5;87m2026-07-13 11:34:46.295064+00:00 [notice] <0.251.0> Feature flags: `topic_binding_projection_v5` enabled[0m
2026-07-13 11:34:46.295290+00:00 [info] <0.209.0> DB: virgin node -> run peer discovery[0m
[38;5;214m2026-07-13 11:34:46.295790+00:00 [warning] <0.209.0> Classic peer discovery backend: list of nodes does not contain the local node [][0m
[38;5;87m2026-07-13 11:34:46.295851+00:00 [notice] <0.209.0> Found the following metadata store members: [{rabbitmq_metadata,[0m
[38;5;87m2026-07-13 11:34:46.295851+00:00 [notice] <0.209.0>                                               'rabbit@d3000-rabbit'}][0m
2026-07-13 11:34:46.322120+00:00 [info] <0.209.0> Running boot step tracking_metadata_store defined by app rabbit[0m
2026-07-13 11:34:46.322247+00:00 [info] <0.353.0> Setting up a table for connection tracking on this node: tracked_connection[0m
2026-07-13 11:34:46.322310+00:00 [info] <0.353.0> Setting up a table for per-vhost connection counting on this node: tracked_connection_per_vhost[0m
2026-07-13 11:34:46.322373+00:00 [info] <0.353.0> Setting up a table for per-user connection counting on this node: tracked_connection_per_user[0m
2026-07-13 11:34:46.322422+00:00 [info] <0.353.0> Setting up a table for channel tracking on this node: tracked_channel[0m
2026-07-13 11:34:46.322469+00:00 [info] <0.353.0> Setting up a table for channel tracking on this node: tracked_channel_per_user[0m
2026-07-13 11:34:46.322519+00:00 [info] <0.209.0> Running boot step networking_metadata_store defined by app rabbit[0m
2026-07-13 11:34:46.322608+00:00 [info] <0.209.0> Running boot step feature_flags defined by app rabbit[0m
2026-07-13 11:34:46.322734+00:00 [info] <0.209.0> Running boot step rabbit_alarm defined by app rabbit[0m
2026-07-13 11:34:46.333654+00:00 [info] <0.358.0> Memory high watermark set to 19164 MiB (20095814860 bytes) of 31941 MiB (33493024768 bytes) total[0m
2026-07-13 11:34:46.335412+00:00 [info] <0.360.0> Enabling free disk space monitoring (disk free space: 774786949120, total memory: 33493024768)[0m
2026-07-13 11:34:46.335474+00:00 [info] <0.360.0> Disk free limit set to 50MB[0m
2026-07-13 11:34:46.336418+00:00 [info] <0.209.0> Running boot step auth_backend_plugins_check defined by app rabbit[0m
2026-07-13 11:34:46.336485+00:00 [info] <0.209.0> Running boot step codec_correctness_check defined by app rabbit[0m
2026-07-13 11:34:46.336517+00:00 [info] <0.209.0> Running boot step external_infrastructure defined by app rabbit[0m
2026-07-13 11:34:46.336542+00:00 [info] <0.209.0> Running boot step rabbit_event defined by app rabbit[0m
2026-07-13 11:34:46.336618+00:00 [info] <0.209.0> Running boot step rabbit_auth_mechanism_amqplain defined by app rabbit[0m
2026-07-13 11:34:46.336677+00:00 [info] <0.209.0> Running boot step rabbit_auth_mechanism_anonymous defined by app rabbit[0m
2026-07-13 11:34:46.336720+00:00 [info] <0.209.0> Running boot step rabbit_auth_mechanism_cr_demo defined by app rabbit[0m
2026-07-13 11:34:46.336768+00:00 [info] <0.209.0> Running boot step rabbit_auth_mechanism_plain defined by app rabbit[0m
2026-07-13 11:34:46.336822+00:00 [info] <0.209.0> Running boot step rabbit_exchange_type_direct defined by app rabbit[0m
2026-07-13 11:34:46.336870+00:00 [info] <0.209.0> Running boot step rabbit_exchange_type_fanout defined by app rabbit[0m
2026-07-13 11:34:46.336913+00:00 [info] <0.209.0> Running boot step rabbit_exchange_type_headers defined by app rabbit[0m
2026-07-13 11:34:46.336957+00:00 [info] <0.209.0> Running boot step rabbit_exchange_type_local_random defined by app rabbit[0m
2026-07-13 11:34:46.337027+00:00 [info] <0.209.0> Running boot step rabbit_exchange_type_modulus_hash defined by app rabbit[0m
2026-07-13 11:34:46.337073+00:00 [info] <0.209.0> Running boot step rabbit_exchange_type_topic defined by app rabbit[0m
2026-07-13 11:34:46.337120+00:00 [info] <0.209.0> Running boot step rabbit_priority_queue defined by app rabbit[0m
2026-07-13 11:34:46.337172+00:00 [info] <0.209.0> Priority queues enabled, real BQ is rabbit_variable_queue[0m
2026-07-13 11:34:46.337220+00:00 [info] <0.209.0> Running boot step kernel_ready defined by app rabbit[0m
2026-07-13 11:34:46.337245+00:00 [info] <0.209.0> Running boot step pg_local_amqp_connection defined by app rabbit[0m
2026-07-13 11:34:46.341011+00:00 [info] <0.209.0> Running boot step pg_local_amqp_session defined by app rabbit[0m
2026-07-13 11:34:46.341128+00:00 [info] <0.209.0> Running boot step rabbit_sysmon_minder defined by app rabbit[0m
2026-07-13 11:34:46.341228+00:00 [info] <0.209.0> Running boot step rabbit_epmd_monitor defined by app rabbit[0m
2026-07-13 11:34:46.342094+00:00 [info] <0.368.0> epmd monitor knows us, inter-node communication (distribution) port: 25672[0m
2026-07-13 11:34:46.342171+00:00 [info] <0.209.0> Running boot step guid_generator defined by app rabbit[0m
2026-07-13 11:34:46.343391+00:00 [info] <0.209.0> Running boot step rabbit_node_monitor defined by app rabbit[0m
2026-07-13 11:34:46.343469+00:00 [info] <0.372.0> Starting rabbit_node_monitor[0m
2026-07-13 11:34:46.343545+00:00 [info] <0.209.0> Running boot step delegate_sup defined by app rabbit[0m
2026-07-13 11:34:46.343924+00:00 [info] <0.209.0> Running boot step rabbit_chaos defined by app rabbit[0m
2026-07-13 11:34:46.344012+00:00 [info] <0.209.0> Running boot step rabbit_fifo_dlx_sup defined by app rabbit[0m
2026-07-13 11:34:46.344065+00:00 [info] <0.209.0> Running boot step core_initialized defined by app rabbit[0m
2026-07-13 11:34:46.344099+00:00 [info] <0.209.0> Running boot step rabbit_channel_tracking_handler defined by app rabbit[0m
2026-07-13 11:34:46.344145+00:00 [info] <0.209.0> Running boot step rabbit_classic_queue_type defined by app rabbit[0m
2026-07-13 11:34:46.344202+00:00 [info] <0.209.0> Running boot step rabbit_classic_queue defined by app rabbit[0m
2026-07-13 11:34:46.344275+00:00 [info] <0.209.0> Running boot step rabbit_connection_tracking_handler defined by app rabbit[0m
2026-07-13 11:34:46.344325+00:00 [info] <0.209.0> Running boot step rabbit_definitions_hashing defined by app rabbit[0m
2026-07-13 11:34:46.344372+00:00 [info] <0.209.0> Running boot step rabbit_exchange_parameters defined by app rabbit[0m
2026-07-13 11:34:46.345436+00:00 [info] <0.209.0> Running boot step rabbit_policies defined by app rabbit[0m
2026-07-13 11:34:46.345741+00:00 [info] <0.209.0> Running boot step rabbit_quorum_queue_type defined by app rabbit[0m
2026-07-13 11:34:46.345812+00:00 [info] <0.209.0> Running boot step rabbit_stream_queue defined by app rabbit[0m
2026-07-13 11:34:46.345856+00:00 [info] <0.209.0> Running boot step rabbit_policy defined by app rabbit[0m
2026-07-13 11:34:46.345908+00:00 [info] <0.209.0> Running boot step rabbit_quorum_event_subscriber defined by app rabbit[0m
2026-07-13 11:34:46.345955+00:00 [info] <0.209.0> Running boot step rabbit_quorum_queue defined by app rabbit[0m
2026-07-13 11:34:46.346263+00:00 [info] <0.209.0> Running boot step quorum_memory_alarm_handler defined by app rabbit[0m
2026-07-13 11:34:46.346304+00:00 [info] <0.209.0> Running boot step rabbit_stream_coordinator defined by app rabbit[0m
2026-07-13 11:34:46.346424+00:00 [info] <0.209.0> Running boot step rabbit_vhost_limit defined by app rabbit[0m
2026-07-13 11:34:46.346472+00:00 [info] <0.209.0> Running boot step rabbit_mgmt_reset_handler defined by app rabbitmq_management[0m
2026-07-13 11:34:46.346507+00:00 [info] <0.209.0> Running boot step rabbit_mgmt_db_handler defined by app rabbitmq_management_agent[0m
2026-07-13 11:34:46.346558+00:00 [info] <0.209.0> Management plugin: using rates mode 'basic'[0m
2026-07-13 11:34:46.346679+00:00 [info] <0.209.0> Running boot step recovery defined by app rabbit[0m
2026-07-13 11:34:46.346750+00:00 [info] <0.209.0> Running boot step prevent_startup_if_node_was_reset defined by app rabbit[0m
2026-07-13 11:34:46.346782+00:00 [info] <0.209.0> Running boot step empty_db_check defined by app rabbit[0m
2026-07-13 11:34:46.346840+00:00 [info] <0.209.0> Will seed default virtual host and user...[0m
2026-07-13 11:34:46.346953+00:00 [info] <0.209.0> Adding vhost '/' (description: 'Default virtual host', tags: [])[0m
2026-07-13 11:34:46.358734+00:00 [info] <0.401.0> Making sure data directory '/var/lib/rabbitmq/mnesia/rabbit@d3000-rabbit/msg_stores/vhosts/628WB79CIFDYO9LJI6DKMI09L' for vhost '/' exists[0m
2026-07-13 11:34:46.359195+00:00 [info] <0.401.0> Setting segment_entry_count for vhost '/' with 0 queues to '2048'[0m
2026-07-13 11:34:46.368064+00:00 [info] <0.401.0> Starting message stores for vhost '/'[0m
2026-07-13 11:34:46.369049+00:00 [info] <0.401.0> Started message store of type transient for vhost '/'[0m
[38;5;214m2026-07-13 11:34:46.385163+00:00 [warning] <0.414.0> Message store "628WB79CIFDYO9LJI6DKMI09L/msg_store_persistent": rebuilding indices from scratch[0m
2026-07-13 11:34:46.385743+00:00 [info] <0.401.0> Started message store of type persistent for vhost '/'[0m
2026-07-13 11:34:46.385844+00:00 [info] <0.401.0> Recovering 0 queues of type rabbit_classic_queue took 22ms[0m
2026-07-13 11:34:46.385904+00:00 [info] <0.401.0> Recovering 0 queues of type rabbit_quorum_queue took 0ms[0m
2026-07-13 11:34:46.385941+00:00 [info] <0.401.0> Recovering 0 queues of type rabbit_stream_queue took 0ms[0m
2026-07-13 11:34:46.387060+00:00 [info] <0.209.0> Created user 'pkvmbench'[0m
2026-07-13 11:34:46.400467+00:00 [info] <0.209.0> Successfully set user tags for user 'pkvmbench' to [administrator][0m
2026-07-13 11:34:46.410757+00:00 [info] <0.209.0> Successfully set permissions for user 'pkvmbench' in virtual host '/' to '.*', '.*', '.*'[0m
2026-07-13 11:34:46.410837+00:00 [info] <0.209.0> Running boot step rabbit_observer_cli defined by app rabbit[0m
2026-07-13 11:34:46.410998+00:00 [info] <0.209.0> Running boot step rabbit_core_metrics_gc defined by app rabbit[0m
2026-07-13 11:34:46.411109+00:00 [info] <0.209.0> Running boot step background_gc defined by app rabbit[0m
2026-07-13 11:34:46.411229+00:00 [info] <0.209.0> Running boot step rabbit_observer_cli_classic_queues defined by app rabbit[0m
2026-07-13 11:34:46.411274+00:00 [info] <0.209.0> Running boot step rabbit_observer_cli_quorum_queues defined by app rabbit[0m
2026-07-13 11:34:46.411321+00:00 [info] <0.209.0> Running boot step routing_ready defined by app rabbit[0m
2026-07-13 11:34:46.411366+00:00 [info] <0.209.0> Running boot step pre_flight defined by app rabbit[0m
2026-07-13 11:34:46.411410+00:00 [info] <0.209.0> Running boot step notify_cluster defined by app rabbit[0m
2026-07-13 11:34:46.411451+00:00 [info] <0.209.0> Running boot step networking defined by app rabbit[0m
2026-07-13 11:34:46.411488+00:00 [info] <0.209.0> Running boot step rabbit_quorum_queue_periodic_membership_reconciliation defined by app rabbit[0m
2026-07-13 11:34:46.411577+00:00 [info] <0.209.0> Running boot step definition_import_worker_pool defined by app rabbit[0m
2026-07-13 11:34:46.411616+00:00 [info] <0.250.0> Starting worker pool 'definition_import_pool' with 4 processes in it[0m
2026-07-13 11:34:46.411869+00:00 [info] <0.209.0> Running boot step cluster_name defined by app rabbit[0m
2026-07-13 11:34:46.411949+00:00 [info] <0.209.0> Initialising internal cluster ID to 'rabbitmq-cluster-id-1l2wRaF4F6kRUheGZ-1jSg'[0m
2026-07-13 11:34:46.413189+00:00 [info] <0.209.0> Running boot step virtual_host_reconciliation defined by app rabbit[0m
2026-07-13 11:34:46.413308+00:00 [info] <0.209.0> Running boot step direct_client defined by app rabbit[0m
2026-07-13 11:34:46.413402+00:00 [info] <0.209.0> Running boot step logger_exchange defined by app rabbit[0m
2026-07-13 11:34:46.414766+00:00 [info] <0.209.0> Running boot step cluster_tags defined by app rabbit[0m
2026-07-13 11:34:46.417355+00:00 [info] <0.209.0> Running boot step queue_type_registrations defined by app rabbit[0m
2026-07-13 11:34:46.417406+00:00 [info] <0.209.0> Running boot step rabbit_management_load_definitions defined by app rabbitmq_management[0m
2026-07-13 11:34:46.417530+00:00 [info] <0.446.0> Resetting node maintenance status[0m
[38;5;214m2026-07-13 11:34:46.542735+00:00 [warning] <0.468.0> Deprecated features: `management_metrics_collection`: Feature `management_metrics_collection` is deprecated.[0m
[38;5;214m2026-07-13 11:34:46.542735+00:00 [warning] <0.468.0> By default, this feature can still be used for now.[0m
[38;5;214m2026-07-13 11:34:46.542735+00:00 [warning] <0.468.0> Its use will not be permitted by default in a future minor RabbitMQ version and the feature will be removed from a future major RabbitMQ version; actual versions to be determined.[0m
[38;5;214m2026-07-13 11:34:46.542735+00:00 [warning] <0.468.0> To continue using this feature when it is not permitted by default, set the following parameter in your configuration:[0m
[38;5;214m2026-07-13 11:34:46.542735+00:00 [warning] <0.468.0>     "deprecated_features.permit.management_metrics_collection = true"[0m
[38;5;214m2026-07-13 11:34:46.542735+00:00 [warning] <0.468.0> To test RabbitMQ as if the feature was removed, set this in your configuration:[0m
[38;5;214m2026-07-13 11:34:46.542735+00:00 [warning] <0.468.0>     "deprecated_features.permit.management_metrics_collection = false"[0m
2026-07-13 11:34:46.570859+00:00 [info] <0.504.0> Management plugin: HTTP (non-TLS) listener started on port 15672[0m
2026-07-13 11:34:46.571076+00:00 [info] <0.532.0> Statistics database started.[0m
2026-07-13 11:34:46.571160+00:00 [info] <0.531.0> Starting worker pool 'management_worker_pool' with 3 processes in it[0m
2026-07-13 11:34:46.584769+00:00 [info] <0.543.0> Prometheus metrics: HTTP (non-TLS) listener started on port 15692[0m
2026-07-13 11:34:46.584895+00:00 [info] <0.446.0> Ready to start client connection listeners[0m
2026-07-13 11:34:46.586949+00:00 [info] <0.587.0> started TCP listener on [::]:5672[0m
 completed with 4 plugins.
2026-07-13 11:34:46.639186+00:00 [info] <0.446.0> Server startup complete; 4 plugins started.[0m
2026-07-13 11:34:46.639186+00:00 [info] <0.446.0>  * rabbitmq_prometheus[0m
2026-07-13 11:34:46.639186+00:00 [info] <0.446.0>  * rabbitmq_management[0m
2026-07-13 11:34:46.639186+00:00 [info] <0.446.0>  * rabbitmq_management_agent[0m
2026-07-13 11:34:46.639186+00:00 [info] <0.446.0>  * rabbitmq_web_dispatch[0m
2026-07-13 11:34:46.819071+00:00 [info] <0.10.0> Time to start RabbitMQ: 2444 ms[0m
2026-07-13 11:34:47.886700+00:00 [info] <0.606.0> accepting AMQP connection 127.0.0.1:53172 -> 127.0.0.1:5672[0m
2026-07-13 11:34:47.913765+00:00 [info] <0.606.0> connection 127.0.0.1:53172 -> 127.0.0.1:5672 has a client-provided name: perf-test-configuration-0[0m
2026-07-13 11:34:47.918000+00:00 [info] <0.606.0> connection 127.0.0.1:53172 -> 127.0.0.1:5672 - perf-test-configuration-0: user 'pkvmbench' authenticated and granted access to vhost '/'[0m
2026-07-13 11:34:47.922887+00:00 [info] <0.615.0> accepting AMQP connection 127.0.0.1:53178 -> 127.0.0.1:5672[0m
2026-07-13 11:34:47.924071+00:00 [info] <0.615.0> connection 127.0.0.1:53178 -> 127.0.0.1:5672 has a client-provided name: perf-test-consumer-0[0m
2026-07-13 11:34:47.924831+00:00 [info] <0.615.0> connection 127.0.0.1:53178 -> 127.0.0.1:5672 - perf-test-consumer-0: user 'pkvmbench' authenticated and granted access to vhost '/'[0m
2026-07-13 11:34:47.961614+00:00 [info] <0.640.0> accepting AMQP connection 127.0.0.1:53186 -> 127.0.0.1:5672[0m
2026-07-13 11:34:47.962977+00:00 [info] <0.640.0> connection 127.0.0.1:53186 -> 127.0.0.1:5672 has a client-provided name: perf-test-producer-0[0m
2026-07-13 11:34:47.963510+00:00 [info] <0.640.0> connection 127.0.0.1:53186 -> 127.0.0.1:5672 - perf-test-producer-0: user 'pkvmbench' authenticated and granted access to vhost '/'[0m
2026-07-13 11:35:47.980597+00:00 [info] <0.606.0> closing AMQP connection (127.0.0.1:53172 -> 127.0.0.1:5672 - perf-test-configuration-0, vhost: '/', user: 'pkvmbench', duration: '1M, 0s')[0m
[38;5;214m2026-07-13 11:35:47.982079+00:00 [warning] <0.649.0> Channel is stopping with 48 pending publisher confirms[0m
2026-07-13 11:35:47.983128+00:00 [info] <0.640.0> closing AMQP connection (127.0.0.1:53186 -> 127.0.0.1:5672 - perf-test-producer-0, vhost: '/', user: 'pkvmbench', duration: '1M, 0s')[0m
2026-07-13 11:35:47.984656+00:00 [info] <0.615.0> closing AMQP connection (127.0.0.1:53178 -> 127.0.0.1:5672 - perf-test-consumer-0, vhost: '/', user: 'pkvmbench', duration: '1M, 0s')[0m
