2026-07-14 00:37:01.948592+00:00 [notice] <0.45.0> Application syslog exited with reason: stopped
2026-07-14 00:37:01.951710+00:00 [notice] <0.209.0> Logging: switching to configured handler(s); following messages may not be visible in this log output
[38;5;87m2026-07-14 00:37:01.952178+00:00 [notice] <0.209.0> Logging: configured log handlers are now ACTIVE[0m
2026-07-14 00:37:01.956179+00:00 [info] <0.209.0> ra: starting system coordination[0m
2026-07-14 00:37:01.956252+00:00 [info] <0.209.0> starting Ra system: coordination in directory: /var/lib/rabbitmq/mnesia/rabbit@d3000-rabbit/coordination/rabbit@d3000-rabbit[0m
2026-07-14 00:37:01.959736+00:00 [info] <0.216.0> ra_coordination_log_ets: in system coordination initialising. Mem table opts: [set,{write_concurrency,auto},public,{compressed,false}][0m
2026-07-14 00:37:01.987086+00:00 [info] <0.222.0> ra system 'coordination' running pre init for 0 registered servers[0m
2026-07-14 00:37:01.989185+00:00 [info] <0.223.0> ra: meta data store initialised for system coordination. 0 record(s) recovered[0m
2026-07-14 00:37:01.991793+00:00 [info] <0.227.0> segment_writer: upgrading segment file names to new format in dirctory /var/lib/rabbitmq/mnesia/rabbit@d3000-rabbit/coordination/rabbit@d3000-rabbit[0m
[38;5;87m2026-07-14 00:37:02.002027+00:00 [notice] <0.229.0> WAL in coordination initialising with name ra_coordination_log_wal[0m
2026-07-14 00:37:02.009003+00:00 [info] <0.209.0> ra: starting system quorum_queues[0m
2026-07-14 00:37:02.009051+00:00 [info] <0.209.0> starting Ra system: quorum_queues in directory: /var/lib/rabbitmq/mnesia/rabbit@d3000-rabbit/quorum/rabbit@d3000-rabbit[0m
2026-07-14 00:37:02.009323+00:00 [info] <0.233.0> ra_log_ets: in system quorum_queues initialising. Mem table opts: [set,{write_concurrency,auto},public,{compressed,true}][0m
2026-07-14 00:37:02.009704+00:00 [info] <0.237.0> ra system 'quorum_queues' running pre init for 0 registered servers[0m
2026-07-14 00:37:02.010004+00:00 [info] <0.238.0> ra: meta data store initialised for system quorum_queues. 0 record(s) recovered[0m
2026-07-14 00:37:02.010133+00:00 [info] <0.242.0> segment_writer: upgrading segment file names to new format in dirctory /var/lib/rabbitmq/mnesia/rabbit@d3000-rabbit/quorum/rabbit@d3000-rabbit[0m
[38;5;87m2026-07-14 00:37:02.011037+00:00 [notice] <0.244.0> WAL in quorum_queues initialising with name ra_log_wal[0m
2026-07-14 00:37:02.014450+00:00 [info] <0.246.0> ra_system_recover: ra system 'quorum_queues' server recovery strategy rabbit_quorum_queue:system_recover[0m
2026-07-14 00:37:02.014527+00:00 [info] <0.246.0> [rabbit_quorum_queue:system_recover/1] rabbit not booted, skipping queue recovery[0m
2026-07-14 00:37:02.014632+00:00 [info] <0.209.0> ra: starting system coordination[0m
2026-07-14 00:37:02.014661+00:00 [info] <0.209.0> starting Ra system: coordination in directory: /var/lib/rabbitmq/mnesia/rabbit@d3000-rabbit/coordination/rabbit@d3000-rabbit[0m
[38;5;87m2026-07-14 00:37:02.085980+00:00 [notice] <0.248.0> RabbitMQ metadata store: candidate -> leader in term: 1 machine version: 3, last applied 0[0m
2026-07-14 00:37:02.086438+00:00 [info] <0.209.0> [0m
2026-07-14 00:37:02.086438+00:00 [info] <0.209.0>  Starting RabbitMQ 4.3.1 on Erlang 27.3.4.13 [jit][0m
2026-07-14 00:37:02.086438+00:00 [info] <0.209.0>  Copyright (c) 2007-2026 Broadcom Inc and/or its subsidiaries[0m
2026-07-14 00:37:02.086438+00:00 [info] <0.209.0>  Licensed under the MPL 2.0. Website: https://rabbitmq.com[0m

  ##  ##      RabbitMQ 4.3.1
  ##  ##
  ##########  Copyright (c) 2007-2026 Broadcom Inc and/or its subsidiaries
  ######  ##
  ##########  Licensed under the MPL 2.0. Website: https://rabbitmq.com

  Erlang:      27.3.4.13 [jit]
  TLS Library: OpenSSL - OpenSSL 3.5.7 9 Jun 2026
  Release series support status: see https://www.rabbitmq.com/release-information

  Doc guides:  https://www.rabbitmq.com/docs
  Support:     https://www.rabbitmq.com/docs/contact
  Tutorials:   https://www.rabbitmq.com/tutorials
  Monitoring:  https://www.rabbitmq.com/docs/monitoring
  Upgrading:   https://www.rabbitmq.com/docs/upgrade

  Logs: <stdout>

  Config file(s): /etc/rabbitmq/conf.d/10-defaults.conf

  Starting broker...2026-07-14 00:37:02.087054+00:00 [info] <0.209.0> [0m
2026-07-14 00:37:02.087054+00:00 [info] <0.209.0>  node           : rabbit@d3000-rabbit[0m
2026-07-14 00:37:02.087054+00:00 [info] <0.209.0>  home dir       : /var/lib/rabbitmq[0m
2026-07-14 00:37:02.087054+00:00 [info] <0.209.0>  config file(s) : /etc/rabbitmq/conf.d/10-defaults.conf[0m
2026-07-14 00:37:02.087054+00:00 [info] <0.209.0>  log(s)         : <stdout>[0m
2026-07-14 00:37:02.087054+00:00 [info] <0.209.0>  data dir       : /var/lib/rabbitmq/mnesia/rabbit@d3000-rabbit[0m
[38;5;87m2026-07-14 00:37:02.279330+00:00 [notice] <0.251.0> Feature flags: attempt to enable `detailed_queues_endpoint`...[0m
[38;5;87m2026-07-14 00:37:02.288903+00:00 [notice] <0.251.0> Feature flags: `detailed_queues_endpoint` enabled[0m
[38;5;87m2026-07-14 00:37:02.288997+00:00 [notice] <0.251.0> Feature flags: attempt to enable `khepri_db`...[0m
[38;5;87m2026-07-14 00:37:02.323843+00:00 [notice] <0.251.0> Feature flags: `khepri_db` enabled[0m
[38;5;87m2026-07-14 00:37:02.323931+00:00 [notice] <0.251.0> Feature flags: attempt to enable `message_containers_deaths_v2`...[0m
[38;5;87m2026-07-14 00:37:02.333144+00:00 [notice] <0.251.0> Feature flags: `message_containers_deaths_v2` enabled[0m
[38;5;87m2026-07-14 00:37:02.333212+00:00 [notice] <0.251.0> Feature flags: attempt to enable `quorum_queue_non_voters`...[0m
[38;5;87m2026-07-14 00:37:02.342700+00:00 [notice] <0.251.0> Feature flags: `quorum_queue_non_voters` enabled[0m
[38;5;87m2026-07-14 00:37:02.342768+00:00 [notice] <0.251.0> Feature flags: attempt to enable `rabbit_exchange_type_local_random`...[0m
[38;5;87m2026-07-14 00:37:02.352083+00:00 [notice] <0.251.0> Feature flags: `rabbit_exchange_type_local_random` enabled[0m
[38;5;87m2026-07-14 00:37:02.352161+00:00 [notice] <0.251.0> Feature flags: attempt to enable `rabbitmq_4.0.0`...[0m
[38;5;87m2026-07-14 00:37:02.361283+00:00 [notice] <0.251.0> Feature flags: `rabbitmq_4.0.0` enabled[0m
[38;5;87m2026-07-14 00:37:02.361347+00:00 [notice] <0.251.0> Feature flags: attempt to enable `rabbitmq_4.1.0`...[0m
[38;5;87m2026-07-14 00:37:02.369959+00:00 [notice] <0.251.0> Feature flags: `rabbitmq_4.1.0` enabled[0m
[38;5;87m2026-07-14 00:37:02.370033+00:00 [notice] <0.251.0> Feature flags: attempt to enable `rabbitmq_4.2.0`...[0m
[38;5;87m2026-07-14 00:37:02.383250+00:00 [notice] <0.251.0> Feature flags: `rabbitmq_4.2.0` enabled[0m
2026-07-14 00:37:02.386808+00:00 [info] <0.209.0> Running boot step pre_boot defined by app rabbit[0m
2026-07-14 00:37:02.386882+00:00 [info] <0.209.0> Running boot step rabbit_global_counters defined by app rabbit[0m
2026-07-14 00:37:02.387175+00:00 [info] <0.209.0> Running boot step rabbit_osiris_metrics defined by app rabbit[0m
2026-07-14 00:37:02.387296+00:00 [info] <0.209.0> Running boot step rabbit_core_metrics defined by app rabbit[0m
2026-07-14 00:37:02.387756+00:00 [info] <0.209.0> Running boot step worker_pool defined by app rabbit[0m
2026-07-14 00:37:02.387846+00:00 [info] <0.250.0> Will use 4 processes for default worker pool[0m
2026-07-14 00:37:02.387908+00:00 [info] <0.250.0> Starting worker pool 'worker_pool' with 4 processes in it[0m
2026-07-14 00:37:02.391967+00:00 [info] <0.209.0> Running boot step rabbit_registry defined by app rabbit[0m
2026-07-14 00:37:02.392061+00:00 [info] <0.209.0> Running boot step database defined by app rabbit[0m
2026-07-14 00:37:02.392356+00:00 [info] <0.209.0> Peer discovery: configured backend: rabbit_peer_discovery_classic_config[0m
2026-07-14 00:37:02.392593+00:00 [info] <0.251.0> Feature flags: starting an unclustered node for the first time: all stable feature flags will be enabled by default[0m
[38;5;87m2026-07-14 00:37:02.392960+00:00 [notice] <0.251.0> Feature flags: attempt to enable `rabbitmq_4.3.0`...[0m
[38;5;87m2026-07-14 00:37:02.402954+00:00 [notice] <0.251.0> Feature flags: `rabbitmq_4.3.0` enabled[0m
[38;5;87m2026-07-14 00:37:02.403032+00:00 [notice] <0.251.0> Feature flags: attempt to enable `topic_binding_projection_v4`...[0m
[38;5;87m2026-07-14 00:37:02.563902+00:00 [notice] <0.251.0> Feature flags: `topic_binding_projection_v4` enabled[0m
[38;5;87m2026-07-14 00:37:02.564046+00:00 [notice] <0.251.0> Feature flags: attempt to enable `tie_binding_to_dest_with_keep_while_cond`...[0m
[38;5;87m2026-07-14 00:37:02.590518+00:00 [notice] <0.251.0> Feature flags: `tie_binding_to_dest_with_keep_while_cond` enabled[0m
[38;5;87m2026-07-14 00:37:02.590615+00:00 [notice] <0.251.0> Feature flags: attempt to enable `track_qq_members_uids`...[0m
[38;5;87m2026-07-14 00:37:02.599439+00:00 [notice] <0.251.0> Feature flags: `track_qq_members_uids` enabled[0m
[38;5;87m2026-07-14 00:37:02.599508+00:00 [notice] <0.251.0> Feature flags: attempt to enable `topic_binding_projection_v5`...[0m
[38;5;87m2026-07-14 00:37:02.621858+00:00 [notice] <0.251.0> Feature flags: `topic_binding_projection_v5` enabled[0m
2026-07-14 00:37:02.622132+00:00 [info] <0.209.0> DB: virgin node -> run peer discovery[0m
[38;5;214m2026-07-14 00:37:02.622198+00:00 [warning] <0.209.0> Classic peer discovery backend: list of nodes does not contain the local node [][0m
[38;5;87m2026-07-14 00:37:02.622304+00:00 [notice] <0.209.0> Found the following metadata store members: [{rabbitmq_metadata,[0m
[38;5;87m2026-07-14 00:37:02.622304+00:00 [notice] <0.209.0>                                               'rabbit@d3000-rabbit'}][0m
2026-07-14 00:37:02.647909+00:00 [info] <0.209.0> Running boot step tracking_metadata_store defined by app rabbit[0m
2026-07-14 00:37:02.648059+00:00 [info] <0.353.0> Setting up a table for connection tracking on this node: tracked_connection[0m
2026-07-14 00:37:02.648123+00:00 [info] <0.353.0> Setting up a table for per-vhost connection counting on this node: tracked_connection_per_vhost[0m
2026-07-14 00:37:02.648182+00:00 [info] <0.353.0> Setting up a table for per-user connection counting on this node: tracked_connection_per_user[0m
2026-07-14 00:37:02.648265+00:00 [info] <0.353.0> Setting up a table for channel tracking on this node: tracked_channel[0m
2026-07-14 00:37:02.648311+00:00 [info] <0.353.0> Setting up a table for channel tracking on this node: tracked_channel_per_user[0m
2026-07-14 00:37:02.648389+00:00 [info] <0.209.0> Running boot step networking_metadata_store defined by app rabbit[0m
2026-07-14 00:37:02.648479+00:00 [info] <0.209.0> Running boot step feature_flags defined by app rabbit[0m
2026-07-14 00:37:02.648607+00:00 [info] <0.209.0> Running boot step rabbit_alarm defined by app rabbit[0m
2026-07-14 00:37:02.654730+00:00 [info] <0.358.0> Memory high watermark set to 19065 MiB (19991376691 bytes) of 31775 MiB (33318961152 bytes) total[0m
2026-07-14 00:37:02.656629+00:00 [info] <0.360.0> Enabling free disk space monitoring (disk free space: 774412587008, total memory: 33318961152)[0m
2026-07-14 00:37:02.656694+00:00 [info] <0.360.0> Disk free limit set to 50MB[0m
2026-07-14 00:37:02.657703+00:00 [info] <0.209.0> Running boot step auth_backend_plugins_check defined by app rabbit[0m
2026-07-14 00:37:02.657770+00:00 [info] <0.209.0> Running boot step codec_correctness_check defined by app rabbit[0m
2026-07-14 00:37:02.657817+00:00 [info] <0.209.0> Running boot step external_infrastructure defined by app rabbit[0m
2026-07-14 00:37:02.657850+00:00 [info] <0.209.0> Running boot step rabbit_event defined by app rabbit[0m
2026-07-14 00:37:02.657945+00:00 [info] <0.209.0> Running boot step rabbit_auth_mechanism_amqplain defined by app rabbit[0m
2026-07-14 00:37:02.658012+00:00 [info] <0.209.0> Running boot step rabbit_auth_mechanism_anonymous defined by app rabbit[0m
2026-07-14 00:37:02.658058+00:00 [info] <0.209.0> Running boot step rabbit_auth_mechanism_cr_demo defined by app rabbit[0m
2026-07-14 00:37:02.658107+00:00 [info] <0.209.0> Running boot step rabbit_auth_mechanism_plain defined by app rabbit[0m
2026-07-14 00:37:02.658159+00:00 [info] <0.209.0> Running boot step rabbit_exchange_type_direct defined by app rabbit[0m
2026-07-14 00:37:02.658205+00:00 [info] <0.209.0> Running boot step rabbit_exchange_type_fanout defined by app rabbit[0m
2026-07-14 00:37:02.658245+00:00 [info] <0.209.0> Running boot step rabbit_exchange_type_headers defined by app rabbit[0m
2026-07-14 00:37:02.658284+00:00 [info] <0.209.0> Running boot step rabbit_exchange_type_local_random defined by app rabbit[0m
2026-07-14 00:37:02.658342+00:00 [info] <0.209.0> Running boot step rabbit_exchange_type_modulus_hash defined by app rabbit[0m
2026-07-14 00:37:02.658405+00:00 [info] <0.209.0> Running boot step rabbit_exchange_type_topic defined by app rabbit[0m
2026-07-14 00:37:02.658458+00:00 [info] <0.209.0> Running boot step rabbit_priority_queue defined by app rabbit[0m
2026-07-14 00:37:02.658511+00:00 [info] <0.209.0> Priority queues enabled, real BQ is rabbit_variable_queue[0m
2026-07-14 00:37:02.658567+00:00 [info] <0.209.0> Running boot step kernel_ready defined by app rabbit[0m
2026-07-14 00:37:02.658604+00:00 [info] <0.209.0> Running boot step pg_local_amqp_connection defined by app rabbit[0m
2026-07-14 00:37:02.662448+00:00 [info] <0.209.0> Running boot step pg_local_amqp_session defined by app rabbit[0m
2026-07-14 00:37:02.662572+00:00 [info] <0.209.0> Running boot step rabbit_sysmon_minder defined by app rabbit[0m
2026-07-14 00:37:02.662706+00:00 [info] <0.209.0> Running boot step rabbit_epmd_monitor defined by app rabbit[0m
2026-07-14 00:37:02.663606+00:00 [info] <0.368.0> epmd monitor knows us, inter-node communication (distribution) port: 25672[0m
2026-07-14 00:37:02.663690+00:00 [info] <0.209.0> Running boot step guid_generator defined by app rabbit[0m
2026-07-14 00:37:02.664802+00:00 [info] <0.209.0> Running boot step rabbit_node_monitor defined by app rabbit[0m
2026-07-14 00:37:02.664890+00:00 [info] <0.372.0> Starting rabbit_node_monitor[0m
2026-07-14 00:37:02.664961+00:00 [info] <0.209.0> Running boot step delegate_sup defined by app rabbit[0m
2026-07-14 00:37:02.665344+00:00 [info] <0.209.0> Running boot step rabbit_chaos defined by app rabbit[0m
2026-07-14 00:37:02.665444+00:00 [info] <0.209.0> Running boot step rabbit_fifo_dlx_sup defined by app rabbit[0m
2026-07-14 00:37:02.665513+00:00 [info] <0.209.0> Running boot step core_initialized defined by app rabbit[0m
2026-07-14 00:37:02.665563+00:00 [info] <0.209.0> Running boot step rabbit_channel_tracking_handler defined by app rabbit[0m
2026-07-14 00:37:02.665617+00:00 [info] <0.209.0> Running boot step rabbit_classic_queue_type defined by app rabbit[0m
2026-07-14 00:37:02.665685+00:00 [info] <0.209.0> Running boot step rabbit_classic_queue defined by app rabbit[0m
2026-07-14 00:37:02.665759+00:00 [info] <0.209.0> Running boot step rabbit_connection_tracking_handler defined by app rabbit[0m
2026-07-14 00:37:02.665818+00:00 [info] <0.209.0> Running boot step rabbit_definitions_hashing defined by app rabbit[0m
2026-07-14 00:37:02.665866+00:00 [info] <0.209.0> Running boot step rabbit_exchange_parameters defined by app rabbit[0m
2026-07-14 00:37:02.667089+00:00 [info] <0.209.0> Running boot step rabbit_policies defined by app rabbit[0m
2026-07-14 00:37:02.667350+00:00 [info] <0.209.0> Running boot step rabbit_quorum_queue_type defined by app rabbit[0m
2026-07-14 00:37:02.667421+00:00 [info] <0.209.0> Running boot step rabbit_stream_queue defined by app rabbit[0m
2026-07-14 00:37:02.667461+00:00 [info] <0.209.0> Running boot step rabbit_policy defined by app rabbit[0m
2026-07-14 00:37:02.667515+00:00 [info] <0.209.0> Running boot step rabbit_quorum_event_subscriber defined by app rabbit[0m
2026-07-14 00:37:02.667577+00:00 [info] <0.209.0> Running boot step rabbit_quorum_queue defined by app rabbit[0m
2026-07-14 00:37:02.667885+00:00 [info] <0.209.0> Running boot step quorum_memory_alarm_handler defined by app rabbit[0m
2026-07-14 00:37:02.667927+00:00 [info] <0.209.0> Running boot step rabbit_stream_coordinator defined by app rabbit[0m
2026-07-14 00:37:02.668095+00:00 [info] <0.209.0> Running boot step rabbit_vhost_limit defined by app rabbit[0m
2026-07-14 00:37:02.668170+00:00 [info] <0.209.0> Running boot step rabbit_mgmt_reset_handler defined by app rabbitmq_management[0m
2026-07-14 00:37:02.668221+00:00 [info] <0.209.0> Running boot step rabbit_mgmt_db_handler defined by app rabbitmq_management_agent[0m
2026-07-14 00:37:02.668275+00:00 [info] <0.209.0> Management plugin: using rates mode 'basic'[0m
2026-07-14 00:37:02.668408+00:00 [info] <0.209.0> Running boot step recovery defined by app rabbit[0m
2026-07-14 00:37:02.668496+00:00 [info] <0.209.0> Running boot step prevent_startup_if_node_was_reset defined by app rabbit[0m
2026-07-14 00:37:02.668537+00:00 [info] <0.209.0> Running boot step empty_db_check defined by app rabbit[0m
2026-07-14 00:37:02.668611+00:00 [info] <0.209.0> Will seed default virtual host and user...[0m
2026-07-14 00:37:02.668735+00:00 [info] <0.209.0> Adding vhost '/' (description: 'Default virtual host', tags: [])[0m
2026-07-14 00:37:02.680871+00:00 [info] <0.401.0> Making sure data directory '/var/lib/rabbitmq/mnesia/rabbit@d3000-rabbit/msg_stores/vhosts/628WB79CIFDYO9LJI6DKMI09L' for vhost '/' exists[0m
2026-07-14 00:37:02.681406+00:00 [info] <0.401.0> Setting segment_entry_count for vhost '/' with 0 queues to '2048'[0m
2026-07-14 00:37:02.690702+00:00 [info] <0.401.0> Starting message stores for vhost '/'[0m
2026-07-14 00:37:02.691588+00:00 [info] <0.401.0> Started message store of type transient for vhost '/'[0m
[38;5;214m2026-07-14 00:37:02.708304+00:00 [warning] <0.414.0> Message store "628WB79CIFDYO9LJI6DKMI09L/msg_store_persistent": rebuilding indices from scratch[0m
2026-07-14 00:37:02.708881+00:00 [info] <0.401.0> Started message store of type persistent for vhost '/'[0m
2026-07-14 00:37:02.708996+00:00 [info] <0.401.0> Recovering 0 queues of type rabbit_classic_queue took 23ms[0m
2026-07-14 00:37:02.709058+00:00 [info] <0.401.0> Recovering 0 queues of type rabbit_quorum_queue took 0ms[0m
2026-07-14 00:37:02.709096+00:00 [info] <0.401.0> Recovering 0 queues of type rabbit_stream_queue took 0ms[0m
2026-07-14 00:37:02.710146+00:00 [info] <0.209.0> Created user 'pkvmbench'[0m
2026-07-14 00:37:02.724080+00:00 [info] <0.209.0> Successfully set user tags for user 'pkvmbench' to [administrator][0m
2026-07-14 00:37:02.732640+00:00 [info] <0.209.0> Successfully set permissions for user 'pkvmbench' in virtual host '/' to '.*', '.*', '.*'[0m
2026-07-14 00:37:02.732721+00:00 [info] <0.209.0> Running boot step rabbit_observer_cli defined by app rabbit[0m
2026-07-14 00:37:02.732773+00:00 [info] <0.209.0> Running boot step rabbit_core_metrics_gc defined by app rabbit[0m
2026-07-14 00:37:02.732884+00:00 [info] <0.209.0> Running boot step background_gc defined by app rabbit[0m
2026-07-14 00:37:02.732984+00:00 [info] <0.209.0> Running boot step rabbit_observer_cli_classic_queues defined by app rabbit[0m
2026-07-14 00:37:02.733050+00:00 [info] <0.209.0> Running boot step rabbit_observer_cli_quorum_queues defined by app rabbit[0m
2026-07-14 00:37:02.733096+00:00 [info] <0.209.0> Running boot step routing_ready defined by app rabbit[0m
2026-07-14 00:37:02.733135+00:00 [info] <0.209.0> Running boot step pre_flight defined by app rabbit[0m
2026-07-14 00:37:02.733175+00:00 [info] <0.209.0> Running boot step notify_cluster defined by app rabbit[0m
2026-07-14 00:37:02.733214+00:00 [info] <0.209.0> Running boot step networking defined by app rabbit[0m
2026-07-14 00:37:02.733244+00:00 [info] <0.209.0> Running boot step rabbit_quorum_queue_periodic_membership_reconciliation defined by app rabbit[0m
2026-07-14 00:37:02.733323+00:00 [info] <0.209.0> Running boot step definition_import_worker_pool defined by app rabbit[0m
2026-07-14 00:37:02.733368+00:00 [info] <0.250.0> Starting worker pool 'definition_import_pool' with 4 processes in it[0m
2026-07-14 00:37:02.733580+00:00 [info] <0.209.0> Running boot step cluster_name defined by app rabbit[0m
2026-07-14 00:37:02.733647+00:00 [info] <0.209.0> Initialising internal cluster ID to 'rabbitmq-cluster-id-tNt19xqMZeQQYPhDETjQ2A'[0m
2026-07-14 00:37:02.734900+00:00 [info] <0.209.0> Running boot step virtual_host_reconciliation defined by app rabbit[0m
2026-07-14 00:37:02.735036+00:00 [info] <0.209.0> Running boot step direct_client defined by app rabbit[0m
2026-07-14 00:37:02.735104+00:00 [info] <0.209.0> Running boot step logger_exchange defined by app rabbit[0m
2026-07-14 00:37:02.736684+00:00 [info] <0.209.0> Running boot step cluster_tags defined by app rabbit[0m
2026-07-14 00:37:02.737814+00:00 [info] <0.209.0> Running boot step queue_type_registrations defined by app rabbit[0m
2026-07-14 00:37:02.737857+00:00 [info] <0.209.0> Running boot step rabbit_management_load_definitions defined by app rabbitmq_management[0m
2026-07-14 00:37:02.737952+00:00 [info] <0.446.0> Resetting node maintenance status[0m
[38;5;214m2026-07-14 00:37:02.861471+00:00 [warning] <0.468.0> Deprecated features: `management_metrics_collection`: Feature `management_metrics_collection` is deprecated.[0m
[38;5;214m2026-07-14 00:37:02.861471+00:00 [warning] <0.468.0> By default, this feature can still be used for now.[0m
[38;5;214m2026-07-14 00:37:02.861471+00:00 [warning] <0.468.0> Its use will not be permitted by default in a future minor RabbitMQ version and the feature will be removed from a future major RabbitMQ version; actual versions to be determined.[0m
[38;5;214m2026-07-14 00:37:02.861471+00:00 [warning] <0.468.0> To continue using this feature when it is not permitted by default, set the following parameter in your configuration:[0m
[38;5;214m2026-07-14 00:37:02.861471+00:00 [warning] <0.468.0>     "deprecated_features.permit.management_metrics_collection = true"[0m
[38;5;214m2026-07-14 00:37:02.861471+00:00 [warning] <0.468.0> To test RabbitMQ as if the feature was removed, set this in your configuration:[0m
[38;5;214m2026-07-14 00:37:02.861471+00:00 [warning] <0.468.0>     "deprecated_features.permit.management_metrics_collection = false"[0m
2026-07-14 00:37:02.892307+00:00 [info] <0.504.0> Management plugin: HTTP (non-TLS) listener started on port 15672[0m
2026-07-14 00:37:02.892507+00:00 [info] <0.532.0> Statistics database started.[0m
2026-07-14 00:37:02.892590+00:00 [info] <0.531.0> Starting worker pool 'management_worker_pool' with 3 processes in it[0m
2026-07-14 00:37:02.906064+00:00 [info] <0.543.0> Prometheus metrics: HTTP (non-TLS) listener started on port 15692[0m
2026-07-14 00:37:02.906192+00:00 [info] <0.446.0> Ready to start client connection listeners[0m
2026-07-14 00:37:02.907809+00:00 [info] <0.587.0> started TCP listener on [::]:5672[0m
2026-07-14 00:37:02.959928+00:00 [info] <0.446.0> Server startup complete; 4 plugins started.[0m
2026-07-14 00:37:02.959928+00:00 [info] <0.446.0>  * rabbitmq_prometheus[0m
2026-07-14 00:37:02.959928+00:00 [info] <0.446.0>  * rabbitmq_management[0m
2026-07-14 00:37:02.959928+00:00 [info] <0.446.0>  * rabbitmq_management_agent[0m
2026-07-14 00:37:02.959928+00:00 [info] <0.446.0>  * rabbitmq_web_dispatch[0m
 completed with 4 plugins.
2026-07-14 00:37:03.139513+00:00 [info] <0.10.0> Time to start RabbitMQ: 2462 ms[0m
2026-07-14 00:37:04.151536+00:00 [info] <0.606.0> accepting AMQP connection 127.0.0.1:38176 -> 127.0.0.1:5672[0m
2026-07-14 00:37:04.180018+00:00 [info] <0.606.0> connection 127.0.0.1:38176 -> 127.0.0.1:5672 has a client-provided name: perf-test-configuration-0[0m
2026-07-14 00:37:04.184519+00:00 [info] <0.606.0> connection 127.0.0.1:38176 -> 127.0.0.1:5672 - perf-test-configuration-0: user 'pkvmbench' authenticated and granted access to vhost '/'[0m
2026-07-14 00:37:04.189508+00:00 [info] <0.615.0> accepting AMQP connection 127.0.0.1:38180 -> 127.0.0.1:5672[0m
2026-07-14 00:37:04.190735+00:00 [info] <0.615.0> connection 127.0.0.1:38180 -> 127.0.0.1:5672 has a client-provided name: perf-test-consumer-0[0m
2026-07-14 00:37:04.191533+00:00 [info] <0.615.0> connection 127.0.0.1:38180 -> 127.0.0.1:5672 - perf-test-consumer-0: user 'pkvmbench' authenticated and granted access to vhost '/'[0m
2026-07-14 00:37:04.230028+00:00 [info] <0.640.0> accepting AMQP connection 127.0.0.1:38186 -> 127.0.0.1:5672[0m
2026-07-14 00:37:04.231454+00:00 [info] <0.640.0> connection 127.0.0.1:38186 -> 127.0.0.1:5672 has a client-provided name: perf-test-producer-0[0m
2026-07-14 00:37:04.231958+00:00 [info] <0.640.0> connection 127.0.0.1:38186 -> 127.0.0.1:5672 - perf-test-producer-0: user 'pkvmbench' authenticated and granted access to vhost '/'[0m
2026-07-14 00:38:04.248372+00:00 [info] <0.606.0> closing AMQP connection (127.0.0.1:38176 -> 127.0.0.1:5672 - perf-test-configuration-0, vhost: '/', user: 'pkvmbench', duration: '1M, 0s')[0m
2026-07-14 00:38:04.250817+00:00 [info] <0.640.0> closing AMQP connection (127.0.0.1:38186 -> 127.0.0.1:5672 - perf-test-producer-0, vhost: '/', user: 'pkvmbench', duration: '1M, 0s')[0m
2026-07-14 00:38:04.258236+00:00 [info] <0.615.0> closing AMQP connection (127.0.0.1:38180 -> 127.0.0.1:5672 - perf-test-consumer-0, vhost: '/', user: 'pkvmbench', duration: '1M, 0s')[0m
