2026-07-13 11:28:09.509493+00:00 [notice] <0.45.0> Application syslog exited with reason: stopped
2026-07-13 11:28:09.512570+00:00 [notice] <0.209.0> Logging: switching to configured handler(s); following messages may not be visible in this log output
[38;5;87m2026-07-13 11:28:09.513042+00:00 [notice] <0.209.0> Logging: configured log handlers are now ACTIVE[0m
2026-07-13 11:28:09.517185+00:00 [info] <0.209.0> ra: starting system coordination[0m
2026-07-13 11:28:09.517257+00:00 [info] <0.209.0> starting Ra system: coordination in directory: /var/lib/rabbitmq/mnesia/rabbit@d3000-rabbit/coordination/rabbit@d3000-rabbit[0m
2026-07-13 11:28:09.520802+00:00 [info] <0.216.0> ra_coordination_log_ets: in system coordination initialising. Mem table opts: [set,{write_concurrency,auto},public,{compressed,false}][0m
2026-07-13 11:28:09.547895+00:00 [info] <0.222.0> ra system 'coordination' running pre init for 0 registered servers[0m
2026-07-13 11:28:09.549954+00:00 [info] <0.223.0> ra: meta data store initialised for system coordination. 0 record(s) recovered[0m
2026-07-13 11:28:09.552584+00:00 [info] <0.227.0> segment_writer: upgrading segment file names to new format in dirctory /var/lib/rabbitmq/mnesia/rabbit@d3000-rabbit/coordination/rabbit@d3000-rabbit[0m
[38;5;87m2026-07-13 11:28:09.562665+00:00 [notice] <0.229.0> WAL in coordination initialising with name ra_coordination_log_wal[0m
2026-07-13 11:28:09.569921+00:00 [info] <0.209.0> ra: starting system quorum_queues[0m
2026-07-13 11:28:09.569970+00:00 [info] <0.209.0> starting Ra system: quorum_queues in directory: /var/lib/rabbitmq/mnesia/rabbit@d3000-rabbit/quorum/rabbit@d3000-rabbit[0m
2026-07-13 11:28:09.570256+00:00 [info] <0.233.0> ra_log_ets: in system quorum_queues initialising. Mem table opts: [set,{write_concurrency,auto},public,{compressed,true}][0m
2026-07-13 11:28:09.570627+00:00 [info] <0.237.0> ra system 'quorum_queues' running pre init for 0 registered servers[0m
2026-07-13 11:28:09.570933+00:00 [info] <0.238.0> ra: meta data store initialised for system quorum_queues. 0 record(s) recovered[0m
2026-07-13 11:28:09.571063+00:00 [info] <0.242.0> segment_writer: upgrading segment file names to new format in dirctory /var/lib/rabbitmq/mnesia/rabbit@d3000-rabbit/quorum/rabbit@d3000-rabbit[0m
[38;5;87m2026-07-13 11:28:09.572062+00:00 [notice] <0.244.0> WAL in quorum_queues initialising with name ra_log_wal[0m
2026-07-13 11:28:09.575370+00:00 [info] <0.246.0> ra_system_recover: ra system 'quorum_queues' server recovery strategy rabbit_quorum_queue:system_recover[0m
2026-07-13 11:28:09.575449+00:00 [info] <0.246.0> [rabbit_quorum_queue:system_recover/1] rabbit not booted, skipping queue recovery[0m
2026-07-13 11:28:09.575566+00:00 [info] <0.209.0> ra: starting system coordination[0m
2026-07-13 11:28:09.575596+00:00 [info] <0.209.0> starting Ra system: coordination in directory: /var/lib/rabbitmq/mnesia/rabbit@d3000-rabbit/coordination/rabbit@d3000-rabbit[0m
[38;5;87m2026-07-13 11:28:09.647053+00:00 [notice] <0.248.0> RabbitMQ metadata store: candidate -> leader in term: 1 machine version: 3, last applied 0[0m
2026-07-13 11:28:09.647537+00:00 [info] <0.209.0> [0m
2026-07-13 11:28:09.647537+00:00 [info] <0.209.0>  Starting RabbitMQ 4.3.1 on Erlang 27.3.4.13 [jit][0m
2026-07-13 11:28:09.647537+00:00 [info] <0.209.0>  Copyright (c) 2007-2026 Broadcom Inc and/or its subsidiaries[0m
2026-07-13 11:28:09.647537+00:00 [info] <0.209.0>  Licensed under the MPL 2.0. Website: https://rabbitmq.com[0m

  ##  ##      RabbitMQ 4.3.1
  ##  ##
  ##########  Copyright (c) 2007-2026 Broadcom Inc and/or its subsidiaries
  ######  ##
  ##########  Licensed under the MPL 2.0. Website: https://rabbitmq.com

  Erlang:      27.3.4.13 [jit]
  TLS Library: OpenSSL - OpenSSL 3.5.7 9 Jun 2026
  Release series support status: see https://www.rabbitmq.com/release-information

  Doc guides:  https://www.rabbitmq.com/docs
  Support:     https://www.rabbitmq.com/docs/contact
  Tutorials:   https://www.rabbitmq.com/tutorials
  Monitoring:  https://www.rabbitmq.com/docs/monitoring
  Upgrading:   https://www.rabbitmq.com/docs/upgrade

  Logs: <stdout>

  Config file(s): /etc/rabbitmq/conf.d/10-defaults.conf

  Starting broker...2026-07-13 11:28:09.648152+00:00 [info] <0.209.0> [0m
2026-07-13 11:28:09.648152+00:00 [info] <0.209.0>  node           : rabbit@d3000-rabbit[0m
2026-07-13 11:28:09.648152+00:00 [info] <0.209.0>  home dir       : /var/lib/rabbitmq[0m
2026-07-13 11:28:09.648152+00:00 [info] <0.209.0>  config file(s) : /etc/rabbitmq/conf.d/10-defaults.conf[0m
2026-07-13 11:28:09.648152+00:00 [info] <0.209.0>  log(s)         : <stdout>[0m
2026-07-13 11:28:09.648152+00:00 [info] <0.209.0>  data dir       : /var/lib/rabbitmq/mnesia/rabbit@d3000-rabbit[0m
[38;5;87m2026-07-13 11:28:09.838638+00:00 [notice] <0.251.0> Feature flags: attempt to enable `detailed_queues_endpoint`...[0m
[38;5;87m2026-07-13 11:28:09.848906+00:00 [notice] <0.251.0> Feature flags: `detailed_queues_endpoint` enabled[0m
[38;5;87m2026-07-13 11:28:09.848987+00:00 [notice] <0.251.0> Feature flags: attempt to enable `khepri_db`...[0m
[38;5;87m2026-07-13 11:28:09.883120+00:00 [notice] <0.251.0> Feature flags: `khepri_db` enabled[0m
[38;5;87m2026-07-13 11:28:09.883214+00:00 [notice] <0.251.0> Feature flags: attempt to enable `message_containers_deaths_v2`...[0m
[38;5;87m2026-07-13 11:28:09.893583+00:00 [notice] <0.251.0> Feature flags: `message_containers_deaths_v2` enabled[0m
[38;5;87m2026-07-13 11:28:09.893677+00:00 [notice] <0.251.0> Feature flags: attempt to enable `quorum_queue_non_voters`...[0m
[38;5;87m2026-07-13 11:28:09.902378+00:00 [notice] <0.251.0> Feature flags: `quorum_queue_non_voters` enabled[0m
[38;5;87m2026-07-13 11:28:09.902444+00:00 [notice] <0.251.0> Feature flags: attempt to enable `rabbit_exchange_type_local_random`...[0m
[38;5;87m2026-07-13 11:28:09.911861+00:00 [notice] <0.251.0> Feature flags: `rabbit_exchange_type_local_random` enabled[0m
[38;5;87m2026-07-13 11:28:09.911955+00:00 [notice] <0.251.0> Feature flags: attempt to enable `rabbitmq_4.0.0`...[0m
[38;5;87m2026-07-13 11:28:09.920805+00:00 [notice] <0.251.0> Feature flags: `rabbitmq_4.0.0` enabled[0m
[38;5;87m2026-07-13 11:28:09.920871+00:00 [notice] <0.251.0> Feature flags: attempt to enable `rabbitmq_4.1.0`...[0m
[38;5;87m2026-07-13 11:28:09.929235+00:00 [notice] <0.251.0> Feature flags: `rabbitmq_4.1.0` enabled[0m
[38;5;87m2026-07-13 11:28:09.929298+00:00 [notice] <0.251.0> Feature flags: attempt to enable `rabbitmq_4.2.0`...[0m
[38;5;87m2026-07-13 11:28:09.940064+00:00 [notice] <0.251.0> Feature flags: `rabbitmq_4.2.0` enabled[0m
2026-07-13 11:28:09.944331+00:00 [info] <0.209.0> Running boot step pre_boot defined by app rabbit[0m
2026-07-13 11:28:09.944410+00:00 [info] <0.209.0> Running boot step rabbit_global_counters defined by app rabbit[0m
2026-07-13 11:28:09.944793+00:00 [info] <0.209.0> Running boot step rabbit_osiris_metrics defined by app rabbit[0m
2026-07-13 11:28:09.944929+00:00 [info] <0.209.0> Running boot step rabbit_core_metrics defined by app rabbit[0m
2026-07-13 11:28:09.945303+00:00 [info] <0.209.0> Running boot step worker_pool defined by app rabbit[0m
2026-07-13 11:28:09.945365+00:00 [info] <0.250.0> Will use 4 processes for default worker pool[0m
2026-07-13 11:28:09.945411+00:00 [info] <0.250.0> Starting worker pool 'worker_pool' with 4 processes in it[0m
2026-07-13 11:28:09.950752+00:00 [info] <0.209.0> Running boot step rabbit_registry defined by app rabbit[0m
2026-07-13 11:28:09.950864+00:00 [info] <0.209.0> Running boot step database defined by app rabbit[0m
2026-07-13 11:28:09.951657+00:00 [info] <0.209.0> Peer discovery: configured backend: rabbit_peer_discovery_classic_config[0m
2026-07-13 11:28:09.951906+00:00 [info] <0.251.0> Feature flags: starting an unclustered node for the first time: all stable feature flags will be enabled by default[0m
[38;5;87m2026-07-13 11:28:09.952356+00:00 [notice] <0.251.0> Feature flags: attempt to enable `rabbitmq_4.3.0`...[0m
[38;5;87m2026-07-13 11:28:09.962941+00:00 [notice] <0.251.0> Feature flags: `rabbitmq_4.3.0` enabled[0m
[38;5;87m2026-07-13 11:28:09.963012+00:00 [notice] <0.251.0> Feature flags: attempt to enable `topic_binding_projection_v4`...[0m
[38;5;87m2026-07-13 11:28:10.098970+00:00 [notice] <0.251.0> Feature flags: `topic_binding_projection_v4` enabled[0m
[38;5;87m2026-07-13 11:28:10.099113+00:00 [notice] <0.251.0> Feature flags: attempt to enable `tie_binding_to_dest_with_keep_while_cond`...[0m
[38;5;87m2026-07-13 11:28:10.122175+00:00 [notice] <0.251.0> Feature flags: `tie_binding_to_dest_with_keep_while_cond` enabled[0m
[38;5;87m2026-07-13 11:28:10.122251+00:00 [notice] <0.251.0> Feature flags: attempt to enable `track_qq_members_uids`...[0m
[38;5;87m2026-07-13 11:28:10.131320+00:00 [notice] <0.251.0> Feature flags: `track_qq_members_uids` enabled[0m
[38;5;87m2026-07-13 11:28:10.131387+00:00 [notice] <0.251.0> Feature flags: attempt to enable `topic_binding_projection_v5`...[0m
[38;5;87m2026-07-13 11:28:10.150685+00:00 [notice] <0.251.0> Feature flags: `topic_binding_projection_v5` enabled[0m
2026-07-13 11:28:10.150963+00:00 [info] <0.209.0> DB: virgin node -> run peer discovery[0m
[38;5;214m2026-07-13 11:28:10.151042+00:00 [warning] <0.209.0> Classic peer discovery backend: list of nodes does not contain the local node [][0m
[38;5;87m2026-07-13 11:28:10.151099+00:00 [notice] <0.209.0> Found the following metadata store members: [{rabbitmq_metadata,[0m
[38;5;87m2026-07-13 11:28:10.151099+00:00 [notice] <0.209.0>                                               'rabbit@d3000-rabbit'}][0m
2026-07-13 11:28:10.174045+00:00 [info] <0.209.0> Running boot step tracking_metadata_store defined by app rabbit[0m
2026-07-13 11:28:10.174166+00:00 [info] <0.353.0> Setting up a table for connection tracking on this node: tracked_connection[0m
2026-07-13 11:28:10.174230+00:00 [info] <0.353.0> Setting up a table for per-vhost connection counting on this node: tracked_connection_per_vhost[0m
2026-07-13 11:28:10.174278+00:00 [info] <0.353.0> Setting up a table for per-user connection counting on this node: tracked_connection_per_user[0m
2026-07-13 11:28:10.174333+00:00 [info] <0.353.0> Setting up a table for channel tracking on this node: tracked_channel[0m
2026-07-13 11:28:10.174372+00:00 [info] <0.353.0> Setting up a table for channel tracking on this node: tracked_channel_per_user[0m
2026-07-13 11:28:10.174417+00:00 [info] <0.209.0> Running boot step networking_metadata_store defined by app rabbit[0m
2026-07-13 11:28:10.174489+00:00 [info] <0.209.0> Running boot step feature_flags defined by app rabbit[0m
2026-07-13 11:28:10.174611+00:00 [info] <0.209.0> Running boot step rabbit_alarm defined by app rabbit[0m
2026-07-13 11:28:10.180790+00:00 [info] <0.358.0> Memory high watermark set to 19164 MiB (20095814860 bytes) of 31941 MiB (33493024768 bytes) total[0m
2026-07-13 11:28:10.182527+00:00 [info] <0.360.0> Enabling free disk space monitoring (disk free space: 774787411968, total memory: 33493024768)[0m
2026-07-13 11:28:10.182585+00:00 [info] <0.360.0> Disk free limit set to 50MB[0m
2026-07-13 11:28:10.183527+00:00 [info] <0.209.0> Running boot step auth_backend_plugins_check defined by app rabbit[0m
2026-07-13 11:28:10.183594+00:00 [info] <0.209.0> Running boot step codec_correctness_check defined by app rabbit[0m
2026-07-13 11:28:10.183626+00:00 [info] <0.209.0> Running boot step external_infrastructure defined by app rabbit[0m
2026-07-13 11:28:10.184295+00:00 [info] <0.209.0> Running boot step rabbit_event defined by app rabbit[0m
2026-07-13 11:28:10.184408+00:00 [info] <0.209.0> Running boot step rabbit_auth_mechanism_amqplain defined by app rabbit[0m
2026-07-13 11:28:10.184476+00:00 [info] <0.209.0> Running boot step rabbit_auth_mechanism_anonymous defined by app rabbit[0m
2026-07-13 11:28:10.184533+00:00 [info] <0.209.0> Running boot step rabbit_auth_mechanism_cr_demo defined by app rabbit[0m
2026-07-13 11:28:10.184583+00:00 [info] <0.209.0> Running boot step rabbit_auth_mechanism_plain defined by app rabbit[0m
2026-07-13 11:28:10.184640+00:00 [info] <0.209.0> Running boot step rabbit_exchange_type_direct defined by app rabbit[0m
2026-07-13 11:28:10.184720+00:00 [info] <0.209.0> Running boot step rabbit_exchange_type_fanout defined by app rabbit[0m
2026-07-13 11:28:10.184770+00:00 [info] <0.209.0> Running boot step rabbit_exchange_type_headers defined by app rabbit[0m
2026-07-13 11:28:10.184816+00:00 [info] <0.209.0> Running boot step rabbit_exchange_type_local_random defined by app rabbit[0m
2026-07-13 11:28:10.184871+00:00 [info] <0.209.0> Running boot step rabbit_exchange_type_modulus_hash defined by app rabbit[0m
2026-07-13 11:28:10.184930+00:00 [info] <0.209.0> Running boot step rabbit_exchange_type_topic defined by app rabbit[0m
2026-07-13 11:28:10.184984+00:00 [info] <0.209.0> Running boot step rabbit_priority_queue defined by app rabbit[0m
2026-07-13 11:28:10.185064+00:00 [info] <0.209.0> Priority queues enabled, real BQ is rabbit_variable_queue[0m
2026-07-13 11:28:10.185115+00:00 [info] <0.209.0> Running boot step kernel_ready defined by app rabbit[0m
2026-07-13 11:28:10.185150+00:00 [info] <0.209.0> Running boot step pg_local_amqp_connection defined by app rabbit[0m
2026-07-13 11:28:10.188906+00:00 [info] <0.209.0> Running boot step pg_local_amqp_session defined by app rabbit[0m
2026-07-13 11:28:10.189013+00:00 [info] <0.209.0> Running boot step rabbit_sysmon_minder defined by app rabbit[0m
2026-07-13 11:28:10.189144+00:00 [info] <0.209.0> Running boot step rabbit_epmd_monitor defined by app rabbit[0m
2026-07-13 11:28:10.189968+00:00 [info] <0.368.0> epmd monitor knows us, inter-node communication (distribution) port: 25672[0m
2026-07-13 11:28:10.190052+00:00 [info] <0.209.0> Running boot step guid_generator defined by app rabbit[0m
2026-07-13 11:28:10.191120+00:00 [info] <0.209.0> Running boot step rabbit_node_monitor defined by app rabbit[0m
2026-07-13 11:28:10.191224+00:00 [info] <0.372.0> Starting rabbit_node_monitor[0m
2026-07-13 11:28:10.191298+00:00 [info] <0.209.0> Running boot step delegate_sup defined by app rabbit[0m
2026-07-13 11:28:10.191705+00:00 [info] <0.209.0> Running boot step rabbit_chaos defined by app rabbit[0m
2026-07-13 11:28:10.191783+00:00 [info] <0.209.0> Running boot step rabbit_fifo_dlx_sup defined by app rabbit[0m
2026-07-13 11:28:10.191844+00:00 [info] <0.209.0> Running boot step core_initialized defined by app rabbit[0m
2026-07-13 11:28:10.191884+00:00 [info] <0.209.0> Running boot step rabbit_channel_tracking_handler defined by app rabbit[0m
2026-07-13 11:28:10.191932+00:00 [info] <0.209.0> Running boot step rabbit_classic_queue_type defined by app rabbit[0m
2026-07-13 11:28:10.191991+00:00 [info] <0.209.0> Running boot step rabbit_classic_queue defined by app rabbit[0m
2026-07-13 11:28:10.192053+00:00 [info] <0.209.0> Running boot step rabbit_connection_tracking_handler defined by app rabbit[0m
2026-07-13 11:28:10.192091+00:00 [info] <0.209.0> Running boot step rabbit_definitions_hashing defined by app rabbit[0m
2026-07-13 11:28:10.192131+00:00 [info] <0.209.0> Running boot step rabbit_exchange_parameters defined by app rabbit[0m
2026-07-13 11:28:10.193179+00:00 [info] <0.209.0> Running boot step rabbit_policies defined by app rabbit[0m
2026-07-13 11:28:10.193453+00:00 [info] <0.209.0> Running boot step rabbit_quorum_queue_type defined by app rabbit[0m
2026-07-13 11:28:10.193553+00:00 [info] <0.209.0> Running boot step rabbit_stream_queue defined by app rabbit[0m
2026-07-13 11:28:10.193602+00:00 [info] <0.209.0> Running boot step rabbit_policy defined by app rabbit[0m
2026-07-13 11:28:10.193657+00:00 [info] <0.209.0> Running boot step rabbit_quorum_event_subscriber defined by app rabbit[0m
2026-07-13 11:28:10.193707+00:00 [info] <0.209.0> Running boot step rabbit_quorum_queue defined by app rabbit[0m
2026-07-13 11:28:10.194008+00:00 [info] <0.209.0> Running boot step quorum_memory_alarm_handler defined by app rabbit[0m
2026-07-13 11:28:10.194052+00:00 [info] <0.209.0> Running boot step rabbit_stream_coordinator defined by app rabbit[0m
2026-07-13 11:28:10.194174+00:00 [info] <0.209.0> Running boot step rabbit_vhost_limit defined by app rabbit[0m
2026-07-13 11:28:10.194236+00:00 [info] <0.209.0> Running boot step rabbit_mgmt_reset_handler defined by app rabbitmq_management[0m
2026-07-13 11:28:10.194283+00:00 [info] <0.209.0> Running boot step rabbit_mgmt_db_handler defined by app rabbitmq_management_agent[0m
2026-07-13 11:28:10.194342+00:00 [info] <0.209.0> Management plugin: using rates mode 'basic'[0m
2026-07-13 11:28:10.194478+00:00 [info] <0.209.0> Running boot step recovery defined by app rabbit[0m
2026-07-13 11:28:10.194546+00:00 [info] <0.209.0> Running boot step prevent_startup_if_node_was_reset defined by app rabbit[0m
2026-07-13 11:28:10.194588+00:00 [info] <0.209.0> Running boot step empty_db_check defined by app rabbit[0m
2026-07-13 11:28:10.194706+00:00 [info] <0.209.0> Will seed default virtual host and user...[0m
2026-07-13 11:28:10.194832+00:00 [info] <0.209.0> Adding vhost '/' (description: 'Default virtual host', tags: [])[0m
2026-07-13 11:28:10.207107+00:00 [info] <0.401.0> Making sure data directory '/var/lib/rabbitmq/mnesia/rabbit@d3000-rabbit/msg_stores/vhosts/628WB79CIFDYO9LJI6DKMI09L' for vhost '/' exists[0m
2026-07-13 11:28:10.207568+00:00 [info] <0.401.0> Setting segment_entry_count for vhost '/' with 0 queues to '2048'[0m
2026-07-13 11:28:10.216432+00:00 [info] <0.401.0> Starting message stores for vhost '/'[0m
2026-07-13 11:28:10.217148+00:00 [info] <0.401.0> Started message store of type transient for vhost '/'[0m
[38;5;214m2026-07-13 11:28:10.234471+00:00 [warning] <0.414.0> Message store "628WB79CIFDYO9LJI6DKMI09L/msg_store_persistent": rebuilding indices from scratch[0m
2026-07-13 11:28:10.235124+00:00 [info] <0.401.0> Started message store of type persistent for vhost '/'[0m
2026-07-13 11:28:10.235226+00:00 [info] <0.401.0> Recovering 0 queues of type rabbit_classic_queue took 23ms[0m
2026-07-13 11:28:10.235281+00:00 [info] <0.401.0> Recovering 0 queues of type rabbit_quorum_queue took 0ms[0m
2026-07-13 11:28:10.235317+00:00 [info] <0.401.0> Recovering 0 queues of type rabbit_stream_queue took 0ms[0m
2026-07-13 11:28:10.236455+00:00 [info] <0.209.0> Created user 'pkvmbench'[0m
2026-07-13 11:28:10.252608+00:00 [info] <0.209.0> Successfully set user tags for user 'pkvmbench' to [administrator][0m
2026-07-13 11:28:10.261447+00:00 [info] <0.209.0> Successfully set permissions for user 'pkvmbench' in virtual host '/' to '.*', '.*', '.*'[0m
2026-07-13 11:28:10.261525+00:00 [info] <0.209.0> Running boot step rabbit_observer_cli defined by app rabbit[0m
2026-07-13 11:28:10.261599+00:00 [info] <0.209.0> Running boot step rabbit_core_metrics_gc defined by app rabbit[0m
2026-07-13 11:28:10.261719+00:00 [info] <0.209.0> Running boot step background_gc defined by app rabbit[0m
2026-07-13 11:28:10.261840+00:00 [info] <0.209.0> Running boot step rabbit_observer_cli_classic_queues defined by app rabbit[0m
2026-07-13 11:28:10.261889+00:00 [info] <0.209.0> Running boot step rabbit_observer_cli_quorum_queues defined by app rabbit[0m
2026-07-13 11:28:10.261934+00:00 [info] <0.209.0> Running boot step routing_ready defined by app rabbit[0m
2026-07-13 11:28:10.261969+00:00 [info] <0.209.0> Running boot step pre_flight defined by app rabbit[0m
2026-07-13 11:28:10.262006+00:00 [info] <0.209.0> Running boot step notify_cluster defined by app rabbit[0m
2026-07-13 11:28:10.262042+00:00 [info] <0.209.0> Running boot step networking defined by app rabbit[0m
2026-07-13 11:28:10.262074+00:00 [info] <0.209.0> Running boot step rabbit_quorum_queue_periodic_membership_reconciliation defined by app rabbit[0m
2026-07-13 11:28:10.262169+00:00 [info] <0.209.0> Running boot step definition_import_worker_pool defined by app rabbit[0m
2026-07-13 11:28:10.262217+00:00 [info] <0.250.0> Starting worker pool 'definition_import_pool' with 4 processes in it[0m
2026-07-13 11:28:10.262476+00:00 [info] <0.209.0> Running boot step cluster_name defined by app rabbit[0m
2026-07-13 11:28:10.262547+00:00 [info] <0.209.0> Initialising internal cluster ID to 'rabbitmq-cluster-id-Wp-nkQ_BxjOC6hY6NCM5eQ'[0m
2026-07-13 11:28:10.263780+00:00 [info] <0.209.0> Running boot step virtual_host_reconciliation defined by app rabbit[0m
2026-07-13 11:28:10.263889+00:00 [info] <0.209.0> Running boot step direct_client defined by app rabbit[0m
2026-07-13 11:28:10.263946+00:00 [info] <0.209.0> Running boot step logger_exchange defined by app rabbit[0m
2026-07-13 11:28:10.265163+00:00 [info] <0.209.0> Running boot step cluster_tags defined by app rabbit[0m
2026-07-13 11:28:10.266363+00:00 [info] <0.209.0> Running boot step queue_type_registrations defined by app rabbit[0m
2026-07-13 11:28:10.266402+00:00 [info] <0.209.0> Running boot step rabbit_management_load_definitions defined by app rabbitmq_management[0m
2026-07-13 11:28:10.266471+00:00 [info] <0.446.0> Resetting node maintenance status[0m
[38;5;214m2026-07-13 11:28:10.391599+00:00 [warning] <0.468.0> Deprecated features: `management_metrics_collection`: Feature `management_metrics_collection` is deprecated.[0m
[38;5;214m2026-07-13 11:28:10.391599+00:00 [warning] <0.468.0> By default, this feature can still be used for now.[0m
[38;5;214m2026-07-13 11:28:10.391599+00:00 [warning] <0.468.0> Its use will not be permitted by default in a future minor RabbitMQ version and the feature will be removed from a future major RabbitMQ version; actual versions to be determined.[0m
[38;5;214m2026-07-13 11:28:10.391599+00:00 [warning] <0.468.0> To continue using this feature when it is not permitted by default, set the following parameter in your configuration:[0m
[38;5;214m2026-07-13 11:28:10.391599+00:00 [warning] <0.468.0>     "deprecated_features.permit.management_metrics_collection = true"[0m
[38;5;214m2026-07-13 11:28:10.391599+00:00 [warning] <0.468.0> To test RabbitMQ as if the feature was removed, set this in your configuration:[0m
[38;5;214m2026-07-13 11:28:10.391599+00:00 [warning] <0.468.0>     "deprecated_features.permit.management_metrics_collection = false"[0m
2026-07-13 11:28:10.420502+00:00 [info] <0.504.0> Management plugin: HTTP (non-TLS) listener started on port 15672[0m
2026-07-13 11:28:10.420732+00:00 [info] <0.532.0> Statistics database started.[0m
2026-07-13 11:28:10.420810+00:00 [info] <0.531.0> Starting worker pool 'management_worker_pool' with 3 processes in it[0m
2026-07-13 11:28:10.436491+00:00 [info] <0.543.0> Prometheus metrics: HTTP (non-TLS) listener started on port 15692[0m
2026-07-13 11:28:10.436616+00:00 [info] <0.446.0> Ready to start client connection listeners[0m
2026-07-13 11:28:10.438237+00:00 [info] <0.587.0> started TCP listener on [::]:5672[0m
 completed with 4 plugins.
2026-07-13 11:28:10.492058+00:00 [info] <0.446.0> Server startup complete; 4 plugins started.[0m
2026-07-13 11:28:10.492058+00:00 [info] <0.446.0>  * rabbitmq_prometheus[0m
2026-07-13 11:28:10.492058+00:00 [info] <0.446.0>  * rabbitmq_management[0m
2026-07-13 11:28:10.492058+00:00 [info] <0.446.0>  * rabbitmq_management_agent[0m
2026-07-13 11:28:10.492058+00:00 [info] <0.446.0>  * rabbitmq_web_dispatch[0m
2026-07-13 11:28:10.671178+00:00 [info] <0.10.0> Time to start RabbitMQ: 2438 ms[0m
2026-07-13 11:28:11.671157+00:00 [info] <0.606.0> accepting AMQP connection 127.0.0.1:41838 -> 127.0.0.1:5672[0m
2026-07-13 11:28:11.699449+00:00 [info] <0.606.0> connection 127.0.0.1:41838 -> 127.0.0.1:5672 has a client-provided name: perf-test-configuration-0[0m
2026-07-13 11:28:11.703875+00:00 [info] <0.606.0> connection 127.0.0.1:41838 -> 127.0.0.1:5672 - perf-test-configuration-0: user 'pkvmbench' authenticated and granted access to vhost '/'[0m
2026-07-13 11:28:11.708973+00:00 [info] <0.615.0> accepting AMQP connection 127.0.0.1:41854 -> 127.0.0.1:5672[0m
2026-07-13 11:28:11.710336+00:00 [info] <0.615.0> connection 127.0.0.1:41854 -> 127.0.0.1:5672 has a client-provided name: perf-test-consumer-0[0m
2026-07-13 11:28:11.711125+00:00 [info] <0.615.0> connection 127.0.0.1:41854 -> 127.0.0.1:5672 - perf-test-consumer-0: user 'pkvmbench' authenticated and granted access to vhost '/'[0m
2026-07-13 11:28:11.749404+00:00 [info] <0.640.0> accepting AMQP connection 127.0.0.1:41866 -> 127.0.0.1:5672[0m
2026-07-13 11:28:11.750712+00:00 [info] <0.640.0> connection 127.0.0.1:41866 -> 127.0.0.1:5672 has a client-provided name: perf-test-producer-0[0m
2026-07-13 11:28:11.751702+00:00 [info] <0.640.0> connection 127.0.0.1:41866 -> 127.0.0.1:5672 - perf-test-producer-0: user 'pkvmbench' authenticated and granted access to vhost '/'[0m
2026-07-13 11:29:11.769498+00:00 [info] <0.606.0> closing AMQP connection (127.0.0.1:41838 -> 127.0.0.1:5672 - perf-test-configuration-0, vhost: '/', user: 'pkvmbench', duration: '1M, 0s')[0m
2026-07-13 11:29:11.771902+00:00 [info] <0.640.0> closing AMQP connection (127.0.0.1:41866 -> 127.0.0.1:5672 - perf-test-producer-0, vhost: '/', user: 'pkvmbench', duration: '1M, 0s')[0m
2026-07-13 11:29:11.773672+00:00 [info] <0.615.0> closing AMQP connection (127.0.0.1:41854 -> 127.0.0.1:5672 - perf-test-consumer-0, vhost: '/', user: 'pkvmbench', duration: '1M, 0s')[0m
