2026-07-13 18:30:15.812957+00:00 [notice] <0.45.0> Application syslog exited with reason: stopped
2026-07-13 18:30:15.816039+00:00 [notice] <0.209.0> Logging: switching to configured handler(s); following messages may not be visible in this log output
[38;5;87m2026-07-13 18:30:15.816527+00:00 [notice] <0.209.0> Logging: configured log handlers are now ACTIVE[0m
2026-07-13 18:30:15.820589+00:00 [info] <0.209.0> ra: starting system coordination[0m
2026-07-13 18:30:15.820666+00:00 [info] <0.209.0> starting Ra system: coordination in directory: /var/lib/rabbitmq/mnesia/rabbit@d3000-rabbit/coordination/rabbit@d3000-rabbit[0m
2026-07-13 18:30:15.824267+00:00 [info] <0.216.0> ra_coordination_log_ets: in system coordination initialising. Mem table opts: [set,{write_concurrency,auto},public,{compressed,false}][0m
2026-07-13 18:30:15.852324+00:00 [info] <0.222.0> ra system 'coordination' running pre init for 0 registered servers[0m
2026-07-13 18:30:15.854527+00:00 [info] <0.223.0> ra: meta data store initialised for system coordination. 0 record(s) recovered[0m
2026-07-13 18:30:15.857224+00:00 [info] <0.227.0> segment_writer: upgrading segment file names to new format in dirctory /var/lib/rabbitmq/mnesia/rabbit@d3000-rabbit/coordination/rabbit@d3000-rabbit[0m
[38;5;87m2026-07-13 18:30:15.867255+00:00 [notice] <0.229.0> WAL in coordination initialising with name ra_coordination_log_wal[0m
2026-07-13 18:30:15.874303+00:00 [info] <0.209.0> ra: starting system quorum_queues[0m
2026-07-13 18:30:15.874355+00:00 [info] <0.209.0> starting Ra system: quorum_queues in directory: /var/lib/rabbitmq/mnesia/rabbit@d3000-rabbit/quorum/rabbit@d3000-rabbit[0m
2026-07-13 18:30:15.874643+00:00 [info] <0.233.0> ra_log_ets: in system quorum_queues initialising. Mem table opts: [set,{write_concurrency,auto},public,{compressed,true}][0m
2026-07-13 18:30:15.875054+00:00 [info] <0.237.0> ra system 'quorum_queues' running pre init for 0 registered servers[0m
2026-07-13 18:30:15.875364+00:00 [info] <0.238.0> ra: meta data store initialised for system quorum_queues. 0 record(s) recovered[0m
2026-07-13 18:30:15.875480+00:00 [info] <0.242.0> segment_writer: upgrading segment file names to new format in dirctory /var/lib/rabbitmq/mnesia/rabbit@d3000-rabbit/quorum/rabbit@d3000-rabbit[0m
[38;5;87m2026-07-13 18:30:15.876414+00:00 [notice] <0.244.0> WAL in quorum_queues initialising with name ra_log_wal[0m
2026-07-13 18:30:15.879570+00:00 [info] <0.246.0> ra_system_recover: ra system 'quorum_queues' server recovery strategy rabbit_quorum_queue:system_recover[0m
2026-07-13 18:30:15.879649+00:00 [info] <0.246.0> [rabbit_quorum_queue:system_recover/1] rabbit not booted, skipping queue recovery[0m
2026-07-13 18:30:15.879755+00:00 [info] <0.209.0> ra: starting system coordination[0m
2026-07-13 18:30:15.879791+00:00 [info] <0.209.0> starting Ra system: coordination in directory: /var/lib/rabbitmq/mnesia/rabbit@d3000-rabbit/coordination/rabbit@d3000-rabbit[0m
[38;5;87m2026-07-13 18:30:15.952254+00:00 [notice] <0.248.0> RabbitMQ metadata store: candidate -> leader in term: 1 machine version: 3, last applied 0[0m
2026-07-13 18:30:15.952727+00:00 [info] <0.209.0> [0m
2026-07-13 18:30:15.952727+00:00 [info] <0.209.0>  Starting RabbitMQ 4.3.1 on Erlang 27.3.4.13 [jit][0m
2026-07-13 18:30:15.952727+00:00 [info] <0.209.0>  Copyright (c) 2007-2026 Broadcom Inc and/or its subsidiaries[0m
2026-07-13 18:30:15.952727+00:00 [info] <0.209.0>  Licensed under the MPL 2.0. Website: https://rabbitmq.com[0m

  ##  ##      RabbitMQ 4.3.1
  ##  ##
  ##########  Copyright (c) 2007-2026 Broadcom Inc and/or its subsidiaries
  ######  ##
  ##########  Licensed under the MPL 2.0. Website: https://rabbitmq.com

  Erlang:      27.3.4.13 [jit]
  TLS Library: OpenSSL - OpenSSL 3.5.7 9 Jun 2026
  Release series support status: see https://www.rabbitmq.com/release-information

  Doc guides:  https://www.rabbitmq.com/docs
  Support:     https://www.rabbitmq.com/docs/contact
  Tutorials:   https://www.rabbitmq.com/tutorials
  Monitoring:  https://www.rabbitmq.com/docs/monitoring
  Upgrading:   https://www.rabbitmq.com/docs/upgrade

  Logs: <stdout>

  Config file(s): /etc/rabbitmq/conf.d/10-defaults.conf

  Starting broker...2026-07-13 18:30:15.953308+00:00 [info] <0.209.0> [0m
2026-07-13 18:30:15.953308+00:00 [info] <0.209.0>  node           : rabbit@d3000-rabbit[0m
2026-07-13 18:30:15.953308+00:00 [info] <0.209.0>  home dir       : /var/lib/rabbitmq[0m
2026-07-13 18:30:15.953308+00:00 [info] <0.209.0>  config file(s) : /etc/rabbitmq/conf.d/10-defaults.conf[0m
2026-07-13 18:30:15.953308+00:00 [info] <0.209.0>  log(s)         : <stdout>[0m
2026-07-13 18:30:15.953308+00:00 [info] <0.209.0>  data dir       : /var/lib/rabbitmq/mnesia/rabbit@d3000-rabbit[0m
[38;5;87m2026-07-13 18:30:16.160984+00:00 [notice] <0.251.0> Feature flags: attempt to enable `detailed_queues_endpoint`...[0m
[38;5;87m2026-07-13 18:30:16.171708+00:00 [notice] <0.251.0> Feature flags: `detailed_queues_endpoint` enabled[0m
[38;5;87m2026-07-13 18:30:16.171781+00:00 [notice] <0.251.0> Feature flags: attempt to enable `khepri_db`...[0m
[38;5;87m2026-07-13 18:30:16.222790+00:00 [notice] <0.251.0> Feature flags: `khepri_db` enabled[0m
[38;5;87m2026-07-13 18:30:16.222871+00:00 [notice] <0.251.0> Feature flags: attempt to enable `message_containers_deaths_v2`...[0m
[38;5;87m2026-07-13 18:30:16.232032+00:00 [notice] <0.251.0> Feature flags: `message_containers_deaths_v2` enabled[0m
[38;5;87m2026-07-13 18:30:16.232113+00:00 [notice] <0.251.0> Feature flags: attempt to enable `quorum_queue_non_voters`...[0m
[38;5;87m2026-07-13 18:30:16.240848+00:00 [notice] <0.251.0> Feature flags: `quorum_queue_non_voters` enabled[0m
[38;5;87m2026-07-13 18:30:16.240925+00:00 [notice] <0.251.0> Feature flags: attempt to enable `rabbit_exchange_type_local_random`...[0m
[38;5;87m2026-07-13 18:30:16.249819+00:00 [notice] <0.251.0> Feature flags: `rabbit_exchange_type_local_random` enabled[0m
[38;5;87m2026-07-13 18:30:16.249887+00:00 [notice] <0.251.0> Feature flags: attempt to enable `rabbitmq_4.0.0`...[0m
[38;5;87m2026-07-13 18:30:16.258795+00:00 [notice] <0.251.0> Feature flags: `rabbitmq_4.0.0` enabled[0m
[38;5;87m2026-07-13 18:30:16.258881+00:00 [notice] <0.251.0> Feature flags: attempt to enable `rabbitmq_4.1.0`...[0m
[38;5;87m2026-07-13 18:30:16.267778+00:00 [notice] <0.251.0> Feature flags: `rabbitmq_4.1.0` enabled[0m
[38;5;87m2026-07-13 18:30:16.267863+00:00 [notice] <0.251.0> Feature flags: attempt to enable `rabbitmq_4.2.0`...[0m
[38;5;87m2026-07-13 18:30:16.279121+00:00 [notice] <0.251.0> Feature flags: `rabbitmq_4.2.0` enabled[0m
2026-07-13 18:30:16.283138+00:00 [info] <0.209.0> Running boot step pre_boot defined by app rabbit[0m
2026-07-13 18:30:16.283205+00:00 [info] <0.209.0> Running boot step rabbit_global_counters defined by app rabbit[0m
2026-07-13 18:30:16.283679+00:00 [info] <0.209.0> Running boot step rabbit_osiris_metrics defined by app rabbit[0m
2026-07-13 18:30:16.283833+00:00 [info] <0.209.0> Running boot step rabbit_core_metrics defined by app rabbit[0m
2026-07-13 18:30:16.284262+00:00 [info] <0.209.0> Running boot step worker_pool defined by app rabbit[0m
2026-07-13 18:30:16.284324+00:00 [info] <0.250.0> Will use 4 processes for default worker pool[0m
2026-07-13 18:30:16.284368+00:00 [info] <0.250.0> Starting worker pool 'worker_pool' with 4 processes in it[0m
2026-07-13 18:30:16.289524+00:00 [info] <0.209.0> Running boot step rabbit_registry defined by app rabbit[0m
2026-07-13 18:30:16.289626+00:00 [info] <0.209.0> Running boot step database defined by app rabbit[0m
2026-07-13 18:30:16.289908+00:00 [info] <0.209.0> Peer discovery: configured backend: rabbit_peer_discovery_classic_config[0m
2026-07-13 18:30:16.290143+00:00 [info] <0.251.0> Feature flags: starting an unclustered node for the first time: all stable feature flags will be enabled by default[0m
[38;5;87m2026-07-13 18:30:16.290523+00:00 [notice] <0.251.0> Feature flags: attempt to enable `rabbitmq_4.3.0`...[0m
[38;5;87m2026-07-13 18:30:16.299168+00:00 [notice] <0.251.0> Feature flags: `rabbitmq_4.3.0` enabled[0m
[38;5;87m2026-07-13 18:30:16.299237+00:00 [notice] <0.251.0> Feature flags: attempt to enable `topic_binding_projection_v4`...[0m
[38;5;87m2026-07-13 18:30:16.466852+00:00 [notice] <0.251.0> Feature flags: `topic_binding_projection_v4` enabled[0m
[38;5;87m2026-07-13 18:30:16.466981+00:00 [notice] <0.251.0> Feature flags: attempt to enable `tie_binding_to_dest_with_keep_while_cond`...[0m
[38;5;87m2026-07-13 18:30:16.492617+00:00 [notice] <0.251.0> Feature flags: `tie_binding_to_dest_with_keep_while_cond` enabled[0m
[38;5;87m2026-07-13 18:30:16.492693+00:00 [notice] <0.251.0> Feature flags: attempt to enable `track_qq_members_uids`...[0m
[38;5;87m2026-07-13 18:30:16.502149+00:00 [notice] <0.251.0> Feature flags: `track_qq_members_uids` enabled[0m
[38;5;87m2026-07-13 18:30:16.502215+00:00 [notice] <0.251.0> Feature flags: attempt to enable `topic_binding_projection_v5`...[0m
[38;5;87m2026-07-13 18:30:16.521423+00:00 [notice] <0.251.0> Feature flags: `topic_binding_projection_v5` enabled[0m
2026-07-13 18:30:16.521681+00:00 [info] <0.209.0> DB: virgin node -> run peer discovery[0m
[38;5;214m2026-07-13 18:30:16.521753+00:00 [warning] <0.209.0> Classic peer discovery backend: list of nodes does not contain the local node [][0m
[38;5;87m2026-07-13 18:30:16.521812+00:00 [notice] <0.209.0> Found the following metadata store members: [{rabbitmq_metadata,[0m
[38;5;87m2026-07-13 18:30:16.521812+00:00 [notice] <0.209.0>                                               'rabbit@d3000-rabbit'}][0m
2026-07-13 18:30:16.544751+00:00 [info] <0.209.0> Running boot step tracking_metadata_store defined by app rabbit[0m
2026-07-13 18:30:16.544963+00:00 [info] <0.353.0> Setting up a table for connection tracking on this node: tracked_connection[0m
2026-07-13 18:30:16.545031+00:00 [info] <0.353.0> Setting up a table for per-vhost connection counting on this node: tracked_connection_per_vhost[0m
2026-07-13 18:30:16.545084+00:00 [info] <0.353.0> Setting up a table for per-user connection counting on this node: tracked_connection_per_user[0m
2026-07-13 18:30:16.545135+00:00 [info] <0.353.0> Setting up a table for channel tracking on this node: tracked_channel[0m
2026-07-13 18:30:16.545180+00:00 [info] <0.353.0> Setting up a table for channel tracking on this node: tracked_channel_per_user[0m
2026-07-13 18:30:16.545230+00:00 [info] <0.209.0> Running boot step networking_metadata_store defined by app rabbit[0m
2026-07-13 18:30:16.545297+00:00 [info] <0.209.0> Running boot step feature_flags defined by app rabbit[0m
2026-07-13 18:30:16.545413+00:00 [info] <0.209.0> Running boot step rabbit_alarm defined by app rabbit[0m
2026-07-13 18:30:16.551910+00:00 [info] <0.358.0> Memory high watermark set to 19065 MiB (19991376691 bytes) of 31775 MiB (33318961152 bytes) total[0m
2026-07-13 18:30:16.554105+00:00 [info] <0.360.0> Enabling free disk space monitoring (disk free space: 774578192384, total memory: 33318961152)[0m
2026-07-13 18:30:16.554172+00:00 [info] <0.360.0> Disk free limit set to 50MB[0m
2026-07-13 18:30:16.555226+00:00 [info] <0.209.0> Running boot step auth_backend_plugins_check defined by app rabbit[0m
2026-07-13 18:30:16.555297+00:00 [info] <0.209.0> Running boot step codec_correctness_check defined by app rabbit[0m
2026-07-13 18:30:16.555329+00:00 [info] <0.209.0> Running boot step external_infrastructure defined by app rabbit[0m
2026-07-13 18:30:16.555355+00:00 [info] <0.209.0> Running boot step rabbit_event defined by app rabbit[0m
2026-07-13 18:30:16.555462+00:00 [info] <0.209.0> Running boot step rabbit_auth_mechanism_amqplain defined by app rabbit[0m
2026-07-13 18:30:16.555531+00:00 [info] <0.209.0> Running boot step rabbit_auth_mechanism_anonymous defined by app rabbit[0m
2026-07-13 18:30:16.555584+00:00 [info] <0.209.0> Running boot step rabbit_auth_mechanism_cr_demo defined by app rabbit[0m
2026-07-13 18:30:16.555633+00:00 [info] <0.209.0> Running boot step rabbit_auth_mechanism_plain defined by app rabbit[0m
2026-07-13 18:30:16.555698+00:00 [info] <0.209.0> Running boot step rabbit_exchange_type_direct defined by app rabbit[0m
2026-07-13 18:30:16.555759+00:00 [info] <0.209.0> Running boot step rabbit_exchange_type_fanout defined by app rabbit[0m
2026-07-13 18:30:16.555825+00:00 [info] <0.209.0> Running boot step rabbit_exchange_type_headers defined by app rabbit[0m
2026-07-13 18:30:16.555879+00:00 [info] <0.209.0> Running boot step rabbit_exchange_type_local_random defined by app rabbit[0m
2026-07-13 18:30:16.555930+00:00 [info] <0.209.0> Running boot step rabbit_exchange_type_modulus_hash defined by app rabbit[0m
2026-07-13 18:30:16.555982+00:00 [info] <0.209.0> Running boot step rabbit_exchange_type_topic defined by app rabbit[0m
2026-07-13 18:30:16.556038+00:00 [info] <0.209.0> Running boot step rabbit_priority_queue defined by app rabbit[0m
2026-07-13 18:30:16.556091+00:00 [info] <0.209.0> Priority queues enabled, real BQ is rabbit_variable_queue[0m
2026-07-13 18:30:16.556145+00:00 [info] <0.209.0> Running boot step kernel_ready defined by app rabbit[0m
2026-07-13 18:30:16.556172+00:00 [info] <0.209.0> Running boot step pg_local_amqp_connection defined by app rabbit[0m
2026-07-13 18:30:16.560995+00:00 [info] <0.209.0> Running boot step pg_local_amqp_session defined by app rabbit[0m
2026-07-13 18:30:16.561117+00:00 [info] <0.209.0> Running boot step rabbit_sysmon_minder defined by app rabbit[0m
2026-07-13 18:30:16.561245+00:00 [info] <0.209.0> Running boot step rabbit_epmd_monitor defined by app rabbit[0m
2026-07-13 18:30:16.562255+00:00 [info] <0.368.0> epmd monitor knows us, inter-node communication (distribution) port: 25672[0m
2026-07-13 18:30:16.562344+00:00 [info] <0.209.0> Running boot step guid_generator defined by app rabbit[0m
2026-07-13 18:30:16.563506+00:00 [info] <0.209.0> Running boot step rabbit_node_monitor defined by app rabbit[0m
2026-07-13 18:30:16.563589+00:00 [info] <0.372.0> Starting rabbit_node_monitor[0m
2026-07-13 18:30:16.563656+00:00 [info] <0.209.0> Running boot step delegate_sup defined by app rabbit[0m
2026-07-13 18:30:16.564089+00:00 [info] <0.209.0> Running boot step rabbit_chaos defined by app rabbit[0m
2026-07-13 18:30:16.564169+00:00 [info] <0.209.0> Running boot step rabbit_fifo_dlx_sup defined by app rabbit[0m
2026-07-13 18:30:16.564219+00:00 [info] <0.209.0> Running boot step core_initialized defined by app rabbit[0m
2026-07-13 18:30:16.564246+00:00 [info] <0.209.0> Running boot step rabbit_channel_tracking_handler defined by app rabbit[0m
2026-07-13 18:30:16.564292+00:00 [info] <0.209.0> Running boot step rabbit_classic_queue_type defined by app rabbit[0m
2026-07-13 18:30:16.564353+00:00 [info] <0.209.0> Running boot step rabbit_classic_queue defined by app rabbit[0m
2026-07-13 18:30:16.564409+00:00 [info] <0.209.0> Running boot step rabbit_connection_tracking_handler defined by app rabbit[0m
2026-07-13 18:30:16.564446+00:00 [info] <0.209.0> Running boot step rabbit_definitions_hashing defined by app rabbit[0m
2026-07-13 18:30:16.564487+00:00 [info] <0.209.0> Running boot step rabbit_exchange_parameters defined by app rabbit[0m
2026-07-13 18:30:16.565664+00:00 [info] <0.209.0> Running boot step rabbit_policies defined by app rabbit[0m
2026-07-13 18:30:16.565959+00:00 [info] <0.209.0> Running boot step rabbit_quorum_queue_type defined by app rabbit[0m
2026-07-13 18:30:16.566040+00:00 [info] <0.209.0> Running boot step rabbit_stream_queue defined by app rabbit[0m
2026-07-13 18:30:16.566080+00:00 [info] <0.209.0> Running boot step rabbit_policy defined by app rabbit[0m
2026-07-13 18:30:16.566145+00:00 [info] <0.209.0> Running boot step rabbit_quorum_event_subscriber defined by app rabbit[0m
2026-07-13 18:30:16.566211+00:00 [info] <0.209.0> Running boot step rabbit_quorum_queue defined by app rabbit[0m
2026-07-13 18:30:16.566517+00:00 [info] <0.209.0> Running boot step quorum_memory_alarm_handler defined by app rabbit[0m
2026-07-13 18:30:16.566578+00:00 [info] <0.209.0> Running boot step rabbit_stream_coordinator defined by app rabbit[0m
2026-07-13 18:30:16.566811+00:00 [info] <0.209.0> Running boot step rabbit_vhost_limit defined by app rabbit[0m
2026-07-13 18:30:16.566886+00:00 [info] <0.209.0> Running boot step rabbit_mgmt_reset_handler defined by app rabbitmq_management[0m
2026-07-13 18:30:16.566932+00:00 [info] <0.209.0> Running boot step rabbit_mgmt_db_handler defined by app rabbitmq_management_agent[0m
2026-07-13 18:30:16.566992+00:00 [info] <0.209.0> Management plugin: using rates mode 'basic'[0m
2026-07-13 18:30:16.567153+00:00 [info] <0.209.0> Running boot step recovery defined by app rabbit[0m
2026-07-13 18:30:16.567235+00:00 [info] <0.209.0> Running boot step prevent_startup_if_node_was_reset defined by app rabbit[0m
2026-07-13 18:30:16.567279+00:00 [info] <0.209.0> Running boot step empty_db_check defined by app rabbit[0m
2026-07-13 18:30:16.567380+00:00 [info] <0.209.0> Will seed default virtual host and user...[0m
2026-07-13 18:30:16.567553+00:00 [info] <0.209.0> Adding vhost '/' (description: 'Default virtual host', tags: [])[0m
2026-07-13 18:30:16.581367+00:00 [info] <0.401.0> Making sure data directory '/var/lib/rabbitmq/mnesia/rabbit@d3000-rabbit/msg_stores/vhosts/628WB79CIFDYO9LJI6DKMI09L' for vhost '/' exists[0m
2026-07-13 18:30:16.581839+00:00 [info] <0.401.0> Setting segment_entry_count for vhost '/' with 0 queues to '2048'[0m
2026-07-13 18:30:16.593104+00:00 [info] <0.401.0> Starting message stores for vhost '/'[0m
2026-07-13 18:30:16.593859+00:00 [info] <0.401.0> Started message store of type transient for vhost '/'[0m
[38;5;214m2026-07-13 18:30:16.610729+00:00 [warning] <0.414.0> Message store "628WB79CIFDYO9LJI6DKMI09L/msg_store_persistent": rebuilding indices from scratch[0m
2026-07-13 18:30:16.611269+00:00 [info] <0.401.0> Started message store of type persistent for vhost '/'[0m
2026-07-13 18:30:16.611388+00:00 [info] <0.401.0> Recovering 0 queues of type rabbit_classic_queue took 25ms[0m
2026-07-13 18:30:16.611428+00:00 [info] <0.401.0> Recovering 0 queues of type rabbit_quorum_queue took 0ms[0m
2026-07-13 18:30:16.611468+00:00 [info] <0.401.0> Recovering 0 queues of type rabbit_stream_queue took 0ms[0m
2026-07-13 18:30:16.612525+00:00 [info] <0.209.0> Created user 'pkvmbench'[0m
2026-07-13 18:30:16.626220+00:00 [info] <0.209.0> Successfully set user tags for user 'pkvmbench' to [administrator][0m
2026-07-13 18:30:16.634506+00:00 [info] <0.209.0> Successfully set permissions for user 'pkvmbench' in virtual host '/' to '.*', '.*', '.*'[0m
2026-07-13 18:30:16.634587+00:00 [info] <0.209.0> Running boot step rabbit_observer_cli defined by app rabbit[0m
2026-07-13 18:30:16.634746+00:00 [info] <0.209.0> Running boot step rabbit_core_metrics_gc defined by app rabbit[0m
2026-07-13 18:30:16.634849+00:00 [info] <0.209.0> Running boot step background_gc defined by app rabbit[0m
2026-07-13 18:30:16.634947+00:00 [info] <0.209.0> Running boot step rabbit_observer_cli_classic_queues defined by app rabbit[0m
2026-07-13 18:30:16.635001+00:00 [info] <0.209.0> Running boot step rabbit_observer_cli_quorum_queues defined by app rabbit[0m
2026-07-13 18:30:16.635061+00:00 [info] <0.209.0> Running boot step routing_ready defined by app rabbit[0m
2026-07-13 18:30:16.635094+00:00 [info] <0.209.0> Running boot step pre_flight defined by app rabbit[0m
2026-07-13 18:30:16.635119+00:00 [info] <0.209.0> Running boot step notify_cluster defined by app rabbit[0m
2026-07-13 18:30:16.635149+00:00 [info] <0.209.0> Running boot step networking defined by app rabbit[0m
2026-07-13 18:30:16.635178+00:00 [info] <0.209.0> Running boot step rabbit_quorum_queue_periodic_membership_reconciliation defined by app rabbit[0m
2026-07-13 18:30:16.635277+00:00 [info] <0.209.0> Running boot step definition_import_worker_pool defined by app rabbit[0m
2026-07-13 18:30:16.635319+00:00 [info] <0.250.0> Starting worker pool 'definition_import_pool' with 4 processes in it[0m
2026-07-13 18:30:16.635543+00:00 [info] <0.209.0> Running boot step cluster_name defined by app rabbit[0m
2026-07-13 18:30:16.635614+00:00 [info] <0.209.0> Initialising internal cluster ID to 'rabbitmq-cluster-id-MGOaFaHsORi9aQlc7Joysg'[0m
2026-07-13 18:30:16.636972+00:00 [info] <0.209.0> Running boot step virtual_host_reconciliation defined by app rabbit[0m
2026-07-13 18:30:16.637122+00:00 [info] <0.209.0> Running boot step direct_client defined by app rabbit[0m
2026-07-13 18:30:16.637201+00:00 [info] <0.209.0> Running boot step logger_exchange defined by app rabbit[0m
2026-07-13 18:30:16.638448+00:00 [info] <0.209.0> Running boot step cluster_tags defined by app rabbit[0m
2026-07-13 18:30:16.639526+00:00 [info] <0.209.0> Running boot step queue_type_registrations defined by app rabbit[0m
2026-07-13 18:30:16.639566+00:00 [info] <0.209.0> Running boot step rabbit_management_load_definitions defined by app rabbitmq_management[0m
2026-07-13 18:30:16.639636+00:00 [info] <0.446.0> Resetting node maintenance status[0m
[38;5;214m2026-07-13 18:30:16.780381+00:00 [warning] <0.470.0> Deprecated features: `management_metrics_collection`: Feature `management_metrics_collection` is deprecated.[0m
[38;5;214m2026-07-13 18:30:16.780381+00:00 [warning] <0.470.0> By default, this feature can still be used for now.[0m
[38;5;214m2026-07-13 18:30:16.780381+00:00 [warning] <0.470.0> Its use will not be permitted by default in a future minor RabbitMQ version and the feature will be removed from a future major RabbitMQ version; actual versions to be determined.[0m
[38;5;214m2026-07-13 18:30:16.780381+00:00 [warning] <0.470.0> To continue using this feature when it is not permitted by default, set the following parameter in your configuration:[0m
[38;5;214m2026-07-13 18:30:16.780381+00:00 [warning] <0.470.0>     "deprecated_features.permit.management_metrics_collection = true"[0m
[38;5;214m2026-07-13 18:30:16.780381+00:00 [warning] <0.470.0> To test RabbitMQ as if the feature was removed, set this in your configuration:[0m
[38;5;214m2026-07-13 18:30:16.780381+00:00 [warning] <0.470.0>     "deprecated_features.permit.management_metrics_collection = false"[0m
2026-07-13 18:30:16.805461+00:00 [info] <0.506.0> Management plugin: HTTP (non-TLS) listener started on port 15672[0m
2026-07-13 18:30:16.805645+00:00 [info] <0.534.0> Statistics database started.[0m
2026-07-13 18:30:16.805726+00:00 [info] <0.533.0> Starting worker pool 'management_worker_pool' with 3 processes in it[0m
2026-07-13 18:30:16.840889+00:00 [info] <0.545.0> Prometheus metrics: HTTP (non-TLS) listener started on port 15692[0m
2026-07-13 18:30:16.841018+00:00 [info] <0.446.0> Ready to start client connection listeners[0m
2026-07-13 18:30:16.846640+00:00 [info] <0.589.0> started TCP listener on [::]:5672[0m
 completed with 4 plugins.
2026-07-13 18:30:16.910891+00:00 [info] <0.446.0> Server startup complete; 4 plugins started.[0m
2026-07-13 18:30:16.910891+00:00 [info] <0.446.0>  * rabbitmq_prometheus[0m
2026-07-13 18:30:16.910891+00:00 [info] <0.446.0>  * rabbitmq_management[0m
2026-07-13 18:30:16.910891+00:00 [info] <0.446.0>  * rabbitmq_management_agent[0m
2026-07-13 18:30:16.910891+00:00 [info] <0.446.0>  * rabbitmq_web_dispatch[0m
2026-07-13 18:30:17.041690+00:00 [info] <0.10.0> Time to start RabbitMQ: 2544 ms[0m
2026-07-13 18:30:17.930598+00:00 [info] <0.606.0> accepting AMQP connection 127.0.0.1:48830 -> 127.0.0.1:5672[0m
2026-07-13 18:30:17.957581+00:00 [info] <0.606.0> connection 127.0.0.1:48830 -> 127.0.0.1:5672 has a client-provided name: perf-test-configuration-0[0m
2026-07-13 18:30:17.962053+00:00 [info] <0.606.0> connection 127.0.0.1:48830 -> 127.0.0.1:5672 - perf-test-configuration-0: user 'pkvmbench' authenticated and granted access to vhost '/'[0m
2026-07-13 18:30:17.967244+00:00 [info] <0.615.0> accepting AMQP connection 127.0.0.1:48836 -> 127.0.0.1:5672[0m
2026-07-13 18:30:17.968581+00:00 [info] <0.615.0> connection 127.0.0.1:48836 -> 127.0.0.1:5672 has a client-provided name: perf-test-consumer-0[0m
2026-07-13 18:30:17.969427+00:00 [info] <0.615.0> connection 127.0.0.1:48836 -> 127.0.0.1:5672 - perf-test-consumer-0: user 'pkvmbench' authenticated and granted access to vhost '/'[0m
2026-07-13 18:30:18.006875+00:00 [info] <0.640.0> accepting AMQP connection 127.0.0.1:48838 -> 127.0.0.1:5672[0m
2026-07-13 18:30:18.008291+00:00 [info] <0.640.0> connection 127.0.0.1:48838 -> 127.0.0.1:5672 has a client-provided name: perf-test-producer-0[0m
2026-07-13 18:30:18.008808+00:00 [info] <0.640.0> connection 127.0.0.1:48838 -> 127.0.0.1:5672 - perf-test-producer-0: user 'pkvmbench' authenticated and granted access to vhost '/'[0m
2026-07-13 18:31:18.024429+00:00 [info] <0.606.0> closing AMQP connection (127.0.0.1:48830 -> 127.0.0.1:5672 - perf-test-configuration-0, vhost: '/', user: 'pkvmbench', duration: '1M, 0s')[0m
2026-07-13 18:31:18.026275+00:00 [info] <0.640.0> closing AMQP connection (127.0.0.1:48838 -> 127.0.0.1:5672 - perf-test-producer-0, vhost: '/', user: 'pkvmbench', duration: '1M, 0s')[0m
2026-07-13 18:31:18.029944+00:00 [info] <0.615.0> closing AMQP connection (127.0.0.1:48836 -> 127.0.0.1:5672 - perf-test-consumer-0, vhost: '/', user: 'pkvmbench', duration: '1M, 0s')[0m
